Component: ARM Compiler 5.05 update 1 (build 106) Tool: armlink [4d0efa]

==============================================================================

Section Cross References

    main.o(.text) refers to os_core.o(.text) for OSInit
    main.o(.text) refers to product.o(.text) for ProductInit
    main.o(.text) refers to delay.o(.text) for delay_init
    main.o(.text) refers to os_task.o(.text) for OSTaskCreate
    main.o(.text) refers to task.o(.bss) for TASK_START_STK
    main.o(.text) refers to task.o(.text) for TaskStart
    delay.o(.text) refers to os_time.o(.text) for OSTimeDly
    delay.o(.text) refers to delay.o(.data) for fac_us
    delay.o(.text) refers to os_core.o(.data) for OSRunning
    sys.o(.text) refers to misc.o(.text) for NVIC_PriorityGroupConfig
    usart.o(.text) refers to _scanf_int.o(.text) for _scanf_int
    usart.o(.text) refers to _scanf_str.o(.text) for _scanf_string
    usart.o(.text) refers to stm32f10x_usart.o(.text) for USART_GetFlagStatus
    usart.o(.text) refers to memseta.o(.text) for __aeabi_memclr
    usart.o(.text) refers to act.o(.text) for ReadOneTemp
    usart.o(.text) refers to __0sscanf.o(.text) for __0sscanf
    usart.o(.text) refers to strstr.o(.text) for strstr
    usart.o(.text) refers to usart.o(.bss) for Uart_Buff
    usart.o(.text) refers to usart.o(.data) for RQRecieve_num
    usart.o(.text) refers to usart.o(.constdata) for month_names
    led.o(.text) refers to stm32f10x_rcc.o(.text) for RCC_APB2PeriphClockCmd
    led.o(.text) refers to stm32f10x_gpio.o(.text) for GPIO_Init
    switch.o(.text) refers to stm32f10x_rcc.o(.text) for RCC_APB2PeriphClockCmd
    switch.o(.text) refers to stm32f10x_gpio.o(.text) for GPIO_Init
    switch.o(.text) refers to os_time.o(.text) for OSTimeDlyHMSM
    switch.o(.text) refers to pid.o(.data) for heat_ch1_duty
    tempcollecte.o(.text) refers to stm32f10x_rcc.o(.text) for RCC_APB2PeriphClockCmd
    tempcollecte.o(.text) refers to stm32f10x_gpio.o(.text) for GPIO_Init
    tempcollecte.o(.text) refers to stm32f10x_adc.o(.text) for ADC_DeInit
    tempcollecte.o(.text) refers to delay.o(.text) for delay_ms
    pid.o(.text) refers to memseta.o(.text) for __aeabi_memclr4
    pid.o(.text) refers to fadd.o(.text) for __aeabi_fsub
    pid.o(.text) refers to f2d.o(.text) for __aeabi_f2d
    pid.o(.text) refers to fflti.o(.text) for __aeabi_i2f
    pid.o(.text) refers to cfrcmple.o(.text) for __aeabi_cfrcmple
    pid.o(.text) refers to fmul.o(.text) for __aeabi_fmul
    pid.o(.text) refers to fdiv.o(.text) for __aeabi_fdiv
    pid.o(.text) refers to cfcmple.o(.text) for __aeabi_cfcmple
    pid.o(.text) refers to dmul.o(.text) for __aeabi_dmul
    pid.o(.text) refers to ddiv.o(.text) for __aeabi_ddiv
    pid.o(.text) refers to d2f.o(.text) for __aeabi_d2f
    pid.o(.text) refers to dfltui.o(.text) for __aeabi_ui2d
    pid.o(.text) refers to ffixui.o(.text) for __aeabi_f2uiz
    pid.o(.text) refers to switch.o(.text) for heat_Chx_on
    pid.o(.text) refers to ffltui.o(.text) for __aeabi_ui2f
    pid.o(.text) refers to printfa.o(i.__0printf) for __2printf
    pid.o(.text) refers to pid.o(.data) for ArrayErr
    temp_sample.o(.text) refers to cfcmple.o(.text) for __aeabi_cfcmpeq
    temp_sample.o(.text) refers to fadd.o(.text) for __aeabi_fsub
    temp_sample.o(.text) refers to fdiv.o(.text) for __aeabi_fdiv
    temp_sample.o(.text) refers to fmul.o(.text) for __aeabi_fmul
    temp_sample.o(.text) refers to cfrcmple.o(.text) for __aeabi_cfrcmple
    temp_sample.o(.text) refers to printfa.o(i.__0printf) for __2printf
    temp_sample.o(.text) refers to ffltui.o(.text) for __aeabi_ui2f
    temp_sample.o(.text) refers to ffixi.o(.text) for __aeabi_f2iz
    temp_sample.o(.text) refers to fflti.o(.text) for __aeabi_i2f
    temp_sample.o(.text) refers to f2d.o(.text) for __aeabi_f2d
    temp_sample.o(.text) refers to dadd.o(.text) for __aeabi_drsub
    temp_sample.o(.text) refers to dmul.o(.text) for __aeabi_dmul
    temp_sample.o(.text) refers to ddiv.o(.text) for __aeabi_ddiv
    temp_sample.o(.text) refers to d2f.o(.text) for __aeabi_d2f
    temp_sample.o(.text) refers to temp_sample.o(.constdata) for RT_TABLE
    tempcontrol.o(.text) refers to pid.o(.text) for pid_inittuningstru
    tempcontrol.o(.text) refers to tempcollecte.o(.text) for Get_Adc_Average
    tempcontrol.o(.text) refers to temp_sample.o(.text) for wash_sampling_adtotemp
    tempcontrol.o(.text) refers to stm32f10x_tim.o(.text) for TIM_Cmd
    tempcontrol.o(.text) refers to printfa.o(i.__0printf) for __2printf
    tempcontrol.o(.text) refers to f2d.o(.text) for __aeabi_f2d
    tempcontrol.o(.text) refers to pid.o(.bss) for reac_tunning
    tempcontrol.o(.text) refers to tempcontrol.o(.data) for washdsttempofmach
    tempcontrol.o(.text) refers to pid.o(.data) for heat_ch1_duty
    stmflash.o(.text) refers to stm32f10x_flash.o(.text) for FLASH_ProgramHalfWord
    stmflash.o(.text) refers to stmflash.o(.bss) for STMFLASH_BUF
[...]
    .ARM.Collect$$$$00000001                 0x08000130   Section        4  entry2.o(.ARM.Collect$$$$00000001)
    .ARM.Collect$$$$00000004                 0x08000134   Section        4  entry5.o(.ARM.Collect$$$$00000004)
    .ARM.Collect$$$$00000008                 0x08000138   Section        0  entry7b.o(.ARM.Collect$$$$00000008)
    .ARM.Collect$$$$0000000A                 0x08000138   Section        0  entry8b.o(.ARM.Collect$$$$0000000A)
    .ARM.Collect$$$$0000000B                 0x08000138   Section        8  entry9a.o(.ARM.Collect$$$$0000000B)
    .ARM.Collect$$$$0000000D                 0x08000140   Section        0  entry10a.o(.ARM.Collect$$$$0000000D)
    .ARM.Collect$$$$0000000F                 0x08000140   Section        0  entry11a.o(.ARM.Collect$$$$0000000F)
    .ARM.Collect$$$$00002712                 0x08000140   Section        4  entry2.o(.ARM.Collect$$$$00002712)
    __lit__00000000                          0x08000140   Data           4  entry2.o(.ARM.Collect$$$$00002712)
    .text                                    0x08000144   Section        0  main.o(.text)
    .text                                    0x08000170   Section        0  delay.o(.text)
    .text                                    0x08000254   Section        0  usart.o(.text)
    .text                                    0x08000624   Section        0  led.o(.text)
    .text                                    0x08000658   Section        0  switch.o(.text)
    .text                                    0x080006b8   Section        0  tempcollecte.o(.text)
    .text                                    0x080007b4   Section        0  pid.o(.text)
    pid_para                                 0x0800090b   Thumb Code   160  pid.o(.text)
    .text                                    0x08000c40   Section        0  temp_sample.o(.text)
    .text                                    0x08000ec0   Section        0  tempcontrol.o(.text)
    .text                                    0x08001038   Section        0  stmflash.o(.text)
    .text                                    0x080011a4   Section       36  startup_stm32f10x_hd.o(.text)
    .text                                    0x080011c8   Section        0  stm32f10x_it.o(.text)
    .text                                    0x08001204   Section        0  system_stm32f10x.o(.text)
    SetSysClockTo72                          0x08001205   Thumb Code   214  system_stm32f10x.o(.text)
    SetSysClock                              0x080012db   Thumb Code     8  system_stm32f10x.o(.text)
    .text                                    0x080013e4   Section        0  misc.o(.text)
    .text                                    0x080014c0   Section        0  stm32f10x_gpio.o(.text)
    .text                                    0x0800181c   Section        0  stm32f10x_rcc.o(.text)
    .text                                    0x08001bc0   Section        0  stm32f10x_tim.o(.text)
    TI4_Config                               0x08002067   Thumb Code   130  stm32f10x_tim.o(.text)
    TI3_Config                               0x080020fb   Thumb Code   122  stm32f10x_tim.o(.text)
    TI2_Config                               0x0800218f   Thumb Code   130  stm32f10x_tim.o(.text)
    TI1_Config                               0x08002223   Thumb Code   108  stm32f10x_tim.o(.text)
    .text                                    0x080029dc   Section        0  stm32f10x_usart.o(.text)
    .text                                    0x08002de4   Section        0  stm32f10x_adc.o(.text)
    .text                                    0x08003234   Section        0  stm32f10x_flash.o(.text)
    .text                                    0x080037f0   Section        0  os_core.o(.text)
    OS_InitTaskStat                          0x080039a9   Thumb Code    54  os_core.o(.text)
    OS_InitTaskIdle                          0x08003a01   Thumb Code    54  os_core.o(.text)
    OS_InitEventList                         0x08003a49   Thumb Code    82  os_core.o(.text)
    OS_InitTCBList                           0x08003a9b   Thumb Code   104  os_core.o(.text)
    OS_InitRdyList                           0x08003b03   Thumb Code    44  os_core.o(.text)
    OS_InitMisc                              0x08003b2f   Thumb Code    48  os_core.o(.text)
    OS_SchedNew                              0x08003bab   Thumb Code    26  os_core.o(.text)
    .text                                    0x080041bc   Section        0  os_flag.o(.text)
    OS_FlagTaskRdy                           0x0800433d   Thumb Code    88  os_flag.o(.text)
    OS_FlagBlock                             0x0800452d   Thumb Code   152  os_flag.o(.text)
    .text                                    0x08004a30   Section        0  os_mem.o(.text)
    .text                                    0x08004c88   Section        0  os_q.o(.text)
    .text                                    0x080052d8   Section        0  os_task.o(.text)
    .text                                    0x08005bc8   Section        0  os_time.o(.text)
    .text                                    0x08005d9c   Section      164  os_cpu_a.o(.text)
    .text                                    0x08005e40   Section        0  os_cpu_c.o(.text)
    .text                                    0x08005f38   Section        0  product.o(.text)
    .text                                    0x080060ec   Section        0  task.o(.text)
    .text                                    0x0800619c   Section        0  act.o(.text)
    .text                                    0x080063a4   Section        0  memseta.o(.text)
    .text                                    0x080063c8   Section        0  strstr.o(.text)
    .text                                    0x080063ec   Section        0  __0sscanf.o(.text)
    .text                                    0x08006424   Section        0  _scanf_int.o(.text)
    .text                                    0x08006570   Section        0  _scanf_str.o(.text)
    .text                                    0x08006650   Section        0  fadd.o(.text)
    .text                                    0x08006700   Section        0  fmul.o(.text)
    .text                                    0x08006764   Section        0  fdiv.o(.text)
    .text                                    0x080067e0   Section        0  dadd.o(.text)
    .text                                    0x0800692e   Section        0  dmul.o(.text)
    .text                                    0x08006a12   Section        0  ddiv.o(.text)
    .text                                    0x08006af0   Section        0  fflti.o(.text)
    .text                                    0x08006b02   Section        0  ffltui.o(.text)
    .text                                    0x08006b0c   Section        0  dfltui.o(.text)
    .text                                    0x08006b26   Section        0  ffixi.o(.text)
    .text                                    0x08006b58   Section        0  ffixui.o(.text)
    .text                                    0x08006b80   Section        0  f2d.o(.text)
    .text                                    0x08006ba6   Section        0  d2f.o(.text)
    .text                                    0x08006be0   Section       20  cfcmple.o(.text)
    .text                                    0x08006bf4   Section       20  cfrcmple.o(.text)
    .text                                    0x08006c08   Section        0  uidiv.o(.text)
    .text                                    0x08006c34   Section        0  uldiv.o(.text)
    .text                                    0x08006c96   Section        0  llshl.o(.text)
    .text                                    0x08006cb4   Section        0  llsshr.o(.text)
    .text                                    0x08006cd8   Section        0  _chval.o(.text)
    .text                                    0x08006cf4   Section        0  scanf_char.o(.text)
    _scanf_char_input                        0x08006cf5   Thumb Code    12  scanf_char.o(.text)
    .text                                    0x08006d1c   Section        0  _sgetc.o(.text)
    .text                                    0x08006d5c   Section        0  fepilogue.o(.text)
    .text                                    0x08006d5c   Section        0  iusefp.o(.text)
    .text                                    0x08006dca   Section        0  depilogue.o(.text)
    .text                                    0x08006e84   Section        0  dfixul.o(.text)
    .text                                    0x08006eb4   Section       48  cdrcmple.o(.text)
    .text                                    0x08006ee4   Section       36  init.o(.text)
    .text                                    0x08006f08   Section        0  llushr.o(.text)
    .text                                    0x08006f28   Section        0  isspace_c.o(.text)
    .text                                    0x08006f34   Section        0  _scanf.o(.text)
    .text                                    0x08007260   Section        0  ctype_c.o(.text)
    i.__0printf                              0x08007288   Section        0  printfa.o(i.__0printf)
    i.__scatterload_copy                     0x080072a8   Section       14  handlers.o(i.__scatterload_copy)
    i.__scatterload_null                     0x080072b6   Section        2  handlers.o(i.__scatterload_null)
    i.__scatterload_zeroinit                 0x080072b8   Section       14  handlers.o(i.__scatterload_zeroinit)
    i._fp_digits                             0x080072c8   Section        0  printfa.o(i._fp_digits)
    _fp_digits                               0x080072c9   Thumb Code   334  printfa.o(i._fp_digits)
    i._printf_core                           0x0800742c   Section        0  printfa.o(i._printf_core)
    _printf_core                             0x0800742d   Thumb Code  1744  printfa.o(i._printf_core)
    i._printf_post_padding                   0x08007b08   Section        0  printfa.o(i._printf_post_padding)
    _printf_post_padding                     0x08007b09   Thumb Code    36  printfa.o(i._printf_post_padding)
    i._printf_pre_padding                    0x08007b2c   Section        0  printfa.o(i._printf_pre_padding)
    _printf_pre_padding                      0x08007b2d   Thumb Code    46  printfa.o(i._printf_pre_padding)
    .constdata                               0x08007b5a   Section       37  usart.o(.constdata)
    month_names                              0x08007b5a   Data          37  usart.o(.constdata)
    .constdata                               0x08007b80   Section      968  temp_sample.o(.constdata)
    .constdata                               0x08007f48   Section      256  os_core.o(.constdata)
    .constdata                               0x08008048   Section       64  ctype_c.o(.constdata)
    .data                                    0x20000000   Section        4  delay.o(.data)
    fac_us                                   0x20000000   Data           1  delay.o(.data)
    fac_ms                                   0x20000002   Data           2  delay.o(.data)
    .data                                    0x20000004   Section       42  usart.o(.data)
    .data                                    0x20000030   Section       36  pid.o(.data)
    .data                                    0x20000054   Section       40  tempcontrol.o(.data)
    .data                                    0x2000007c   Section       20  system_stm32f10x.o(.data)
    .data                                    0x20000090   Section       20  stm32f10x_rcc.o(.data)
    APBAHBPrescTable                         0x20000090   Data          16  stm32f10x_rcc.o(.data)
    ADCPrescTable                            0x200000a0   Data           4  stm32f10x_rcc.o(.data)
    .data                                    0x200000a4   Section       76  os_core.o(.data)
    .bss                                     0x200000f0   Section      104  usart.o(.bss)
    .bss                                     0x20000158   Section       68  pid.o(.bss)
    .bss                                     0x2000019c   Section     1024  stmflash.o(.bss)
    .bss                                     0x2000059c   Section     6232  os_core.o(.bss)
    .bss                                     0x20001df4   Section     4608  task.o(.bss)
    STACK                                    0x20002ff8   Section     4096  startup_stm32f10x_hd.o(STACK)

    Global Symbols

    Symbol Name                              Value     Ov Type        Size  Object(Section)

    BuildAttributes$$THM_ISAv4$P$D$K$B$S$PE$A:L22UL41UL21$X:L11$S22US41US21$IEEE1$IW$USESV6$~STKCKD$USESV7$~SHL$OTIME$ROPI$IEEEJ$EBA8$MICROLIB$REQ8$PRES8$EABIv2 0x00000000   Number         0  anon$$obj.o ABSOLUTE
    __ARM_use_no_argv                        0x00000000   Number         0  main.o ABSOLUTE
    __use_no_errno                           0x00000000   Number         0  useno.o ABSOLUTE
    __use_no_exception_handling              0x00000000   Number         0  useno.o ABSOLUTE
    __use_no_fp                              0x00000000   Number         0  useno.o ABSOLUTE
    __use_no_heap                            0x00000000   Number         0  useno.o ABSOLUTE
    __use_no_heap_region                     0x00000000   Number         0  useno.o ABSOLUTE
    __use_no_semihosting                     0x00000000   Number         0  useno.o ABSOLUTE
    __use_no_semihosting_swi                 0x00000000   Number         0  useno.o ABSOLUTE
    __use_no_signal_handling                 0x00000000   Number         0  useno.o ABSOLUTE
    _printf_a                                0x00000000   Number         0  stubs.o ABSOLUTE
    _printf_c                                0x00000000   Number         0  stubs.o ABSOLUTE
    _printf_charcount                        0x00000000   Number         0  stubs.o ABSOLUTE
    _printf_d                                0x00000000   Number         0  stubs.o ABSOLUTE
    _printf_e                                0x00000000   Number         0  stubs.o ABSOLUTE
    _printf_f                                0x00000000   Number         0  stubs.o ABSOLUTE
    _printf_flags                            0x00000000   Number         0  stubs.o ABSOLUTE
    _printf_fp_dec                           0x00000000   Number         0  stubs.o ABSOLUTE
    _printf_fp_hex                           0x00000000   Number         0  stubs.o ABSOLUTE
    _printf_g                                0x00000000   Number         0  stubs.o ABSOLUTE
    _printf_i                                0x00000000   Number         0  stubs.o ABSOLUTE
    _printf_int_dec                          0x00000000   Number         0  stubs.o ABSOLUTE
    _printf_l                                0x00000000   Number         0  stubs.o ABSOLUTE
    _printf_lc                               0x00000000   Number         0  stubs.o ABSOLUTE
    _printf_ll                               0x00000000   Number         0  stubs.o ABSOLUTE
    _printf_lld                              0x00000000   Number         0  stubs.o ABSOLUTE
    _printf_lli                              0x00000000   Number         0  stubs.o ABSOLUTE
    _printf_llo                              0x00000000   Number         0  stubs.o ABSOLUTE
    _printf_llu                              0x00000000   Number         0  stubs.o ABSOLUTE
    _printf_llx                              0x00000000   Number         0  stubs.o ABSOLUTE
    _printf_longlong_dec                     0x00000000   Number         0  stubs.o ABSOLUTE
    _printf_longlong_hex                     0x00000000   Number         0  stubs.o ABSOLUTE
    _printf_longlong_oct                     0x00000000   Number         0  stubs.o ABSOLUTE
    _printf_ls                               0x00000000   Number         0  stubs.o ABSOLUTE
    _printf_mbtowc                           0x00000000   Number         0  stubs.o ABSOLUTE
    _printf_n                                0x00000000   Number         0  stubs.o ABSOLUTE
    _printf_o                                0x00000000   Number         0  stubs.o ABSOLUTE
    _printf_p                                0x00000000   Number         0  stubs.o ABSOLUTE
    _printf_percent                          0x00000000   Number         0  stubs.o ABSOLUTE
    _printf_pre_padding                      0x00000000   Number         0  stubs.o ABSOLUTE
    _printf_return_value                     0x00000000   Number         0  stubs.o ABSOLUTE
    _printf_s                                0x00000000   Number         0  stubs.o ABSOLUTE
    _printf_sizespec                         0x00000000   Number         0  stubs.o ABSOLUTE
    _printf_str                              0x00000000   Number         0  stubs.o ABSOLUTE
    _printf_truncate_signed                  0x00000000   Number         0  stubs.o ABSOLUTE
    _printf_truncate_unsigned                0x00000000   Number         0  stubs.o ABSOLUTE
    _printf_u                                0x00000000   Number         0  stubs.o ABSOLUTE
    _printf_wc                               0x00000000   Number         0  stubs.o ABSOLUTE
    _printf_wctomb                           0x00000000   Number         0  stubs.o ABSOLUTE
    _printf_widthprec                        0x00000000   Number         0  stubs.o ABSOLUTE
    _printf_x                                0x00000000   Number         0  stubs.o ABSOLUTE
    __cpp_initialize__aeabi_                  - Undefined Weak Reference
    __cxa_finalize                            - Undefined Weak Reference
    __decompress                              - Undefined Weak Reference
    _clock_init                               - Undefined Weak Reference
    _microlib_exit                            - Undefined Weak Reference
    _scanf_longlong                           - Undefined Weak Reference
    _scanf_real                               - Undefined Weak Reference
    __Vectors_Size                           0x00000130   Number         0  startup_stm32f10x_hd.o ABSOLUTE
    __Vectors                                0x08000000   Data           4  startup_stm32f10x_hd.o(RESET)
    __Vectors_End                            0x08000130   Data           0  startup_stm32f10x_hd.o(RESET)
    __main                                   0x08000131   Thumb Code     0  entry.o(.ARM.Collect$$$$00000000)
    _main_stk                                0x08000131   Thumb Code     0  entry2.o(.ARM.Collect$$$$00000001)
    _main_scatterload                        0x08000135   Thumb Code     0  entry5.o(.ARM.Collect$$$$00000004)
    __main_after_scatterload                 0x08000139   Thumb Code     0  entry5.o(.ARM.Collect$$$$00000004)
    _main_clock                              0x08000139   Thumb Code     0  entry7b.o(.ARM.Collect$$$$00000008)
    _main_cpp_init                           0x08000139   Thumb Code     0  entry8b.o(.ARM.Collect$$$$0000000A)
    _main_init                               0x08000139   Thumb Code     0  entry9a.o(.ARM.Collect$$$$0000000B)
    __rt_final_cpp                           0x08000141   Thumb Code     0  entry10a.o(.ARM.Collect$$$$0000000D)
    __rt_final_exit                          0x08000141   Thumb Code     0  entry11a.o(.ARM.Collect$$$$0000000F)
    main                                     0x08000145   Thumb Code    36  main.o(.text)
    delay_init                               0x08000171   Thumb Code    82  delay.o(.text)
    delay_us                                 0x080001c3   Thumb Code    70  delay.o(.text)
    delay_ms                                 0x08000209   Thumb Code    62  delay.o(.text)
    _sys_exit                                0x08000255   Thumb Code     6  usart.o(.text)
    fputc                                    0x0800025b   Thumb Code    46  usart.o(.text)
    fputc_3                                  0x08000289   Thumb Code    22  usart.o(.text)
    USART4_IRQHandler                        0x0800029f   Thumb Code   118  usart.o(.text)
    USART3_IRQHandler                        0x08000315   Thumb Code   350  usart.o(.text)
    Func_GETVERSION                          0x08000473   Thumb Code   268  usart.o(.text)
    parse_cmd_USART3                         0x0800057f   Thumb Code    94  usart.o(.text)
    LED_Init                                 0x08000625   Thumb Code    46  led.o(.text)
    switch_Init                              0x08000659   Thumb Code    44  switch.o(.text)
    heat_Chx_on                              0x08000685   Thumb Code    12  switch.o(.text)
    heat_Chx_off                             0x08000691   Thumb Code     8  switch.o(.text)
    heat_delay1s                             0x08000699   Thumb Code    18  switch.o(.text)
    Adc_Init                                 0x080006b9   Thumb Code   152  tempcollecte.o(.text)
    Get_Adc                                  0x08000751   Thumb Code    46  tempcollecte.o(.text)
    Get_Adc_Average                          0x0800077f   Thumb Code    46  tempcollecte.o(.text)
    pid_init                                 0x080007b5   Thumb Code    38  pid.o(.text)
    pid_inittuningstru                       0x080007db   Thumb Code    36  pid.o(.text)
    pid_calculate                            0x080007ff   Thumb Code   268  pid.o(.text)
    pid_output                               0x080009ab   Thumb Code    16  pid.o(.text)
    avoidjitter                              0x080009bb   Thumb Code    26  pid.o(.text)
    pid_tuning                               0x080009d5   Thumb Code   596  pid.o(.text)
    pid_solo                                 0x08000c29   Thumb Code    24  pid.o(.text)
    wash_sampling_linearcalc                 0x08000c41   Thumb Code    94  temp_sample.o(.text)
    wash_sampling_RtoTconvert                0x08000c9f   Thumb Code   170  temp_sample.o(.text)
    ADValueToVoltage                         0x08000d49   Thumb Code    38  temp_sample.o(.text)
    PrintFloat                               0x08000d6f   Thumb Code   106  temp_sample.o(.text)
    wash_sampling_adtotemp                   0x08000dd9   Thumb Code   118  temp_sample.o(.text)
    init_diff                                0x08000ec1   Thumb Code    32  tempcontrol.o(.text)
    temp_control                             0x08000ee1   Thumb Code    34  tempcontrol.o(.text)
    temp_controlTurning                      0x08000f03   Thumb Code    86  tempcontrol.o(.text)
    pidSelfTuning                            0x08000f59   Thumb Code    44  tempcontrol.o(.text)
    TIM2_IRQHandler                          0x08000f85   Thumb Code    86  tempcontrol.o(.text)
    STMFLASH_ReadHalfWord                    0x08001039   Thumb Code     6  stmflash.o(.text)
    STMFLASH_Write_NoCheck                   0x0800103f   Thumb Code    38  stmflash.o(.text)
    STMFLASH_Read                            0x08001065   Thumb Code    34  stmflash.o(.text)
    STMFLASH_Write                           0x08001087   Thumb Code   222  stmflash.o(.text)
    Test_Write                               0x08001165   Thumb Code    16  stmflash.o(.text)
    read_data_from_flash                     0x08001175   Thumb Code    20  stmflash.o(.text)
    write_data_to_flaash                     0x08001189   Thumb Code    20  stmflash.o(.text)
    Reset_Handler                            0x080011a5   Thumb Code     8  startup_stm32f10x_hd.o(.text)
    ADC1_2_IRQHandler                        0x080011bf   Thumb Code     0  startup_stm32f10x_hd.o(.text)
    ADC3_IRQHandler                          0x080011bf   Thumb Code     0  startup_stm32f10x_hd.o(.text)
    CAN1_RX1_IRQHandler                      0x080011bf   Thumb Code     0  startup_stm32f10x_hd.o(.text)
    CAN1_SCE_IRQHandler                      0x080011bf   Thumb Code     0  startup_stm32f10x_hd.o(.text)
    DMA1_Channel1_IRQHandler                 0x080011bf   Thumb Code     0  startup_stm32f10x_hd.o(.text)
    DMA1_Channel2_IRQHandler                 0x080011bf   Thumb Code     0  startup_stm32f10x_hd.o(.text)
    DMA1_Channel3_IRQHandler                 0x080011bf   Thumb Code     0  startup_stm32f10x_hd.o(.text)
    DMA1_Channel4_IRQHandler                 0x080011bf   Thumb Code     0  startup_stm32f10x_hd.o(.text)
    DMA1_Channel5_IRQHandler                 0x080011bf   Thumb Code     0  startup_stm32f10x_hd.o(.text)
    DMA1_Channel6_IRQHandler                 0x080011bf   Thumb Code     0  startup_stm32f10x_hd.o(.text)
    DMA1_Channel7_IRQHandler                 0x080011bf   Thumb Code     0  startup_stm32f10x_hd.o(.text)
    DMA2_Channel1_IRQHandler                 0x080011bf   Thumb Code     0  startup_stm32f10x_hd.o(.text)
    DMA2_Channel2_IRQHandler                 0x080011bf   Thumb Code     0  startup_stm32f10x_hd.o(.text)
    DMA2_Channel3_IRQHandler                 0x080011bf   Thumb Code     0  startup_stm32f10x_hd.o(.text)
    DMA2_Channel4_5_IRQHandler               0x080011bf   Thumb Code     0  startup_stm32f10x_hd.o(.text)
    EXTI0_IRQHandler                         0x080011bf   Thumb Code     0  startup_stm32f10x_hd.o(.text)
    EXTI15_10_IRQHandler                     0x080011bf   Thumb Code     0  startup_stm32f10x_hd.o(.text)
    EXTI1_IRQHandler                         0x080011bf   Thumb Code     0  startup_stm32f10x_hd.o(.text)
    EXTI2_IRQHandler                         0x080011bf   Thumb Code     0  startup_stm32f10x_hd.o(.text)
    EXTI3_IRQHandler                         0x080011bf   Thumb Code     0  startup_stm32f10x_hd.o(.text)
    EXTI4_IRQHandler                         0x080011bf   Thumb Code     0  startup_stm32f10x_hd.o(.text)
    EXTI9_5_IRQHandler                       0x080011bf   Thumb Code     0  startup_stm32f10x_hd.o(.text)
    FLASH_IRQHandler                         0x080011bf   Thumb Code     0  startup_stm32f10x_hd.o(.text)
    FSMC_IRQHandler                          0x080011bf   Thumb Code     0  startup_stm32f10x_hd.o(.text)
    I2C1_ER_IRQHandler                       0x080011bf   Thumb Code     0  startup_stm32f10x_hd.o(.text)
    I2C1_EV_IRQHandler                       0x080011bf   Thumb Code     0  startup_stm32f10x_hd.o(.text)
    I2C2_ER_IRQHandler                       0x080011bf   Thumb Code     0  startup_stm32f10x_hd.o(.text)
    I2C2_EV_IRQHandler                       0x080011bf   Thumb Code     0  startup_stm32f10x_hd.o(.text)
    PVD_IRQHandler                           0x080011bf   Thumb Code     0  startup_stm32f10x_hd.o(.text)
    RCC_IRQHandler                           0x080011bf   Thumb Code     0  startup_stm32f10x_hd.o(.text)
    RTCAlarm_IRQHandler                      0x080011bf   Thumb Code     0  startup_stm32f10x_hd.o(.text)
    RTC_IRQHandler                           0x080011bf   Thumb Code     0  startup_stm32f10x_hd.o(.text)
    SDIO_IRQHandler                          0x080011bf   Thumb Code     0  startup_stm32f10x_hd.o(.text)
    SPI1_IRQHandler                          0x080011bf   Thumb Code     0  startup_stm32f10x_hd.o(.text)
    SPI2_IRQHandler                          0x080011bf   Thumb Code     0  startup_stm32f10x_hd.o(.text)
    SPI3_IRQHandler                          0x080011bf   Thumb Code     0  startup_stm32f10x_hd.o(.text)
    TAMPER_IRQHandler                        0x080011bf   Thumb Code     0  startup_stm32f10x_hd.o(.text)
    TIM1_BRK_IRQHandler                      0x080011bf   Thumb Code     0  startup_stm32f10x_hd.o(.text)
    TIM1_CC_IRQHandler                       0x080011bf   Thumb Code     0  startup_stm32f10x_hd.o(.text)
    TIM1_TRG_COM_IRQHandler                  0x080011bf   Thumb Code     0  startup_stm32f10x_hd.o(.text)
    TIM1_UP_IRQHandler                       0x080011bf   Thumb Code     0  startup_stm32f10x_hd.o(.text)
    TIM3_IRQHandler                          0x080011bf   Thumb Code     0  startup_stm32f10x_hd.o(.text)
    TIM4_IRQHandler                          0x080011bf   Thumb Code     0  startup_stm32f10x_hd.o(.text)
    TIM5_IRQHandler                          0x080011bf   Thumb Code     0  startup_stm32f10x_hd.o(.text)
    TIM6_IRQHandler                          0x080011bf   Thumb Code     0  startup_stm32f10x_hd.o(.text)
    TIM7_IRQHandler                          0x080011bf   Thumb Code     0  startup_stm32f10x_hd.o(.text)
    TIM8_BRK_IRQHandler                      0x080011bf   Thumb Code     0  startup_stm32f10x_hd.o(.text)
    TIM8_CC_IRQHandler                       0x080011bf   Thumb Code     0  startup_stm32f10x_hd.o(.text)
    TIM8_TRG_COM_IRQHandler                  0x080011bf   Thumb Code     0  startup_stm32f10x_hd.o(.text)
    TIM8_UP_IRQHandler                       0x080011bf   Thumb Code     0  startup_stm32f10x_hd.o(.text)
    UART4_IRQHandler                         0x080011bf   Thumb Code     0  startup_stm32f10x_hd.o(.text)
    UART5_IRQHandler                         0x080011bf   Thumb Code     0  startup_stm32f10x_hd.o(.text)
    USART1_IRQHandler                        0x080011bf   Thumb Code     0  startup_stm32f10x_hd.o(.text)
    USART2_IRQHandler                        0x080011bf   Thumb Code     0  startup_stm32f10x_hd.o(.text)
    USBWakeUp_IRQHandler                     0x080011bf   Thumb Code     0  startup_stm32f10x_hd.o(.text)
    USB_HP_CAN1_TX_IRQHandler                0x080011bf   Thumb Code     0  startup_stm32f10x_hd.o(.text)
    USB_LP_CAN1_RX0_IRQHandler               0x080011bf   Thumb Code     0  startup_stm32f10x_hd.o(.text)
    WWDG_IRQHandler                          0x080011bf   Thumb Code     0  startup_stm32f10x_hd.o(.text)
    NMI_Handler                              0x080011c9   Thumb Code     2  stm32f10x_it.o(.text)
    HardFault_Handler                        0x080011cb   Thumb Code     4  stm32f10x_it.o(.text)
    MemManage_Handler                        0x080011cf   Thumb Code     4  stm32f10x_it.o(.text)
    BusFault_Handler                         0x080011d3   Thumb Code     4  stm32f10x_it.o(.text)
    UsageFault_Handler                       0x080011d7   Thumb Code     4  stm32f10x_it.o(.text)
    SVC_Handler                              0x080011db   Thumb Code     2  stm32f10x_it.o(.text)
    DebugMon_Handler                         0x080011dd   Thumb Code     2  stm32f10x_it.o(.text)
    SysTick_Handler                          0x080011df   Thumb Code    34  stm32f10x_it.o(.text)
    SystemInit                               0x080012e3   Thumb Code    78  system_stm32f10x.o(.text)
    SystemCoreClockUpdate                    0x08001331   Thumb Code   142  system_stm32f10x.o(.text)
    NVIC_PriorityGroupConfig                 0x080013e5   Thumb Code    10  misc.o(.text)
    NVIC_Init                                0x080013ef   Thumb Code   100  misc.o(.text)
    NVIC_SetVectorTable                      0x08001453   Thumb Code    14  misc.o(.text)
    NVIC_SystemLPConfig                      0x08001461   Thumb Code    34  misc.o(.text)
    SysTick_CLKSourceConfig                  0x08001483   Thumb Code    40  misc.o(.text)
    GPIO_DeInit                              0x080014c1   Thumb Code   172  stm32f10x_gpio.o(.text)
    GPIO_AFIODeInit                          0x0800156d   Thumb Code    20  stm32f10x_gpio.o(.text)
    GPIO_Init                                0x08001581   Thumb Code   278  stm32f10x_gpio.o(.text)
    GPIO_StructInit                          0x08001697   Thumb Code    16  stm32f10x_gpio.o(.text)
    GPIO_ReadInputDataBit                    0x080016a7   Thumb Code    18  stm32f10x_gpio.o(.text)
    GPIO_ReadInputData                       0x080016b9   Thumb Code     8  stm32f10x_gpio.o(.text)
    GPIO_ReadOutputDataBit                   0x080016c1   Thumb Code    18  stm32f10x_gpio.o(.text)
    GPIO_ReadOutputData                      0x080016d3   Thumb Code     8  stm32f10x_gpio.o(.text)
    GPIO_SetBits                             0x080016db   Thumb Code     4  stm32f10x_gpio.o(.text)
    GPIO_ResetBits                           0x080016df   Thumb Code     4  stm32f10x_gpio.o(.text)
    GPIO_WriteBit                            0x080016e3   Thumb Code    10  stm32f10x_gpio.o(.text)
    GPIO_Write                               0x080016ed   Thumb Code     4  stm32f10x_gpio.o(.text)
    GPIO_PinLockConfig                       0x080016f1   Thumb Code    18  stm32f10x_gpio.o(.text)
    GPIO_EventOutputConfig                   0x08001703   Thumb Code    26  stm32f10x_gpio.o(.text)
    GPIO_EventOutputCmd                      0x0800171d   Thumb Code     6  stm32f10x_gpio.o(.text)
    GPIO_PinRemapConfig                      0x08001723   Thumb Code   138  stm32f10x_gpio.o(.text)
    GPIO_EXTILineConfig                      0x080017ad   Thumb Code    66  stm32f10x_gpio.o(.text)
    GPIO_ETH_MediaInterfaceConfig            0x080017ef   Thumb Code     8  stm32f10x_gpio.o(.text)
    RCC_DeInit                               0x0800181d   Thumb Code    64  stm32f10x_rcc.o(.text)
    RCC_HSEConfig                            0x0800185d   Thumb Code    70  stm32f10x_rcc.o(.text)
    RCC_GetFlagStatus                        0x080018a3   Thumb Code    56  stm32f10x_rcc.o(.text)
    RCC_WaitForHSEStartUp                    0x080018db   Thumb Code    56  stm32f10x_rcc.o(.text)
    RCC_AdjustHSICalibrationValue            0x08001913   Thumb Code    20  stm32f10x_rcc.o(.text)
    RCC_HSICmd                               0x08001927   Thumb Code     6  stm32f10x_rcc.o(.text)
    RCC_PLLConfig                            0x0800192d   Thumb Code    24  stm32f10x_rcc.o(.text)
    RCC_PLLCmd                               0x08001945   Thumb Code     6  stm32f10x_rcc.o(.text)
    RCC_SYSCLKConfig                         0x0800194b   Thumb Code    18  stm32f10x_rcc.o(.text)
    RCC_GetSYSCLKSource                      0x0800195d   Thumb Code    10  stm32f10x_rcc.o(.text)
    RCC_HCLKConfig                           0x08001967   Thumb Code    18  stm32f10x_rcc.o(.text)
    RCC_PCLK1Config                          0x08001979   Thumb Code    18  stm32f10x_rcc.o(.text)
    RCC_PCLK2Config                          0x0800198b   Thumb Code    20  stm32f10x_rcc.o(.text)
    RCC_ITConfig                             0x0800199f   Thumb Code    26  stm32f10x_rcc.o(.text)
    RCC_USBCLKConfig                         0x080019b9   Thumb Code     8  stm32f10x_rcc.o(.text)
    RCC_ADCCLKConfig                         0x080019c1   Thumb Code    18  stm32f10x_rcc.o(.text)
    RCC_LSEConfig                            0x080019d3   Thumb Code    50  stm32f10x_rcc.o(.text)
    RCC_LSICmd                               0x08001a05   Thumb Code     6  stm32f10x_rcc.o(.text)
    RCC_RTCCLKConfig                         0x08001a0b   Thumb Code    12  stm32f10x_rcc.o(.text)
    RCC_RTCCLKCmd                            0x08001a17   Thumb Code     8  stm32f10x_rcc.o(.text)
    RCC_GetClocksFreq                        0x08001a1f   Thumb Code   192  stm32f10x_rcc.o(.text)
    RCC_AHBPeriphClockCmd                    0x08001adf   Thumb Code    26  stm32f10x_rcc.o(.text)
    RCC_APB2PeriphClockCmd                   0x08001af9   Thumb Code    26  stm32f10x_rcc.o(.text)
    RCC_APB1PeriphClockCmd                   0x08001b13   Thumb Code    26  stm32f10x_rcc.o(.text)
    RCC_APB2PeriphResetCmd                   0x08001b2d   Thumb Code    26  stm32f10x_rcc.o(.text)
    RCC_APB1PeriphResetCmd                   0x08001b47   Thumb Code    26  stm32f10x_rcc.o(.text)
    RCC_BackupResetCmd                       0x08001b61   Thumb Code     8  stm32f10x_rcc.o(.text)
    RCC_ClockSecuritySystemCmd               0x08001b69   Thumb Code     6  stm32f10x_rcc.o(.text)
    RCC_MCOConfig                            0x08001b6f   Thumb Code     6  stm32f10x_rcc.o(.text)
    RCC_ClearFlag                            0x08001b75   Thumb Code    14  stm32f10x_rcc.o(.text)
    RCC_GetITStatus                          0x08001b83   Thumb Code    20  stm32f10x_rcc.o(.text)
    RCC_ClearITPendingBit                    0x08001b97   Thumb Code     6  stm32f10x_rcc.o(.text)
    TIM_DeInit                               0x08001bc1   Thumb Code   424  stm32f10x_tim.o(.text)
    TIM_TimeBaseInit                         0x08001d69   Thumb Code   122  stm32f10x_tim.o(.text)
    TIM_OC1Init                              0x08001de3   Thumb Code   132  stm32f10x_tim.o(.text)
    TIM_OC2Init                              0x08001e67   Thumb Code   154  stm32f10x_tim.o(.text)
    TIM_OC3Init                              0x08001f01   Thumb Code   150  stm32f10x_tim.o(.text)
    TIM_OC4Init                              0x08001f97   Thumb Code   182  stm32f10x_tim.o(.text)
    TIM_SetIC4Prescaler                      0x0800204d   Thumb Code    26  stm32f10x_tim.o(.text)
    TIM_SetIC3Prescaler                      0x080020e9   Thumb Code    18  stm32f10x_tim.o(.text)
    TIM_SetIC2Prescaler                      0x08002175   Thumb Code    26  stm32f10x_tim.o(.text)
    TIM_SetIC1Prescaler                      0x08002211   Thumb Code    18  stm32f10x_tim.o(.text)
    TIM_ICInit                               0x0800228f   Thumb Code   150  stm32f10x_tim.o(.text)
    TIM_PWMIConfig                           0x08002325   Thumb Code   124  stm32f10x_tim.o(.text)
    TIM_BDTRConfig                           0x080023a1   Thumb Code    32  stm32f10x_tim.o(.text)
    TIM_TimeBaseStructInit                   0x080023c1   Thumb Code    18  stm32f10x_tim.o(.text)
    TIM_OCStructInit                         0x080023d3   Thumb Code    20  stm32f10x_tim.o(.text)
    TIM_ICStructInit                         0x080023e7   Thumb Code    18  stm32f10x_tim.o(.text)
    TIM_BDTRStructInit                       0x080023f9   Thumb Code    40  stm32f10x_tim.o(.text)
    TIM_Cmd                                  0x08002421   Thumb Code    24  stm32f10x_tim.o(.text)
    TIM_CtrlPWMOutputs                       0x08002439   Thumb Code    30  stm32f10x_tim.o(.text)
    TIM_ITConfig                             0x08002457   Thumb Code    18  stm32f10x_tim.o(.text)
    TIM_GenerateEvent                        0x08002469   Thumb Code     4  stm32f10x_tim.o(.text)
    TIM_DMAConfig                            0x0800246d   Thumb Code    10  stm32f10x_tim.o(.text)
    TIM_DMACmd                               0x08002477   Thumb Code    18  stm32f10x_tim.o(.text)
    TIM_InternalClockConfig                  0x08002489   Thumb Code    12  stm32f10x_tim.o(.text)
    TIM_SelectInputTrigger                   0x08002495   Thumb Code    18  stm32f10x_tim.o(.text)
    TIM_ITRxExternalClockConfig              0x080024a7   Thumb Code    24  stm32f10x_tim.o(.text)
    TIM_TIxExternalClockConfig               0x080024bf   Thumb Code    62  stm32f10x_tim.o(.text)
    TIM_ETRConfig                            0x080024fd   Thumb Code    28  stm32f10x_tim.o(.text)
    TIM_ETRClockMode1Config                  0x08002519   Thumb Code    54  stm32f10x_tim.o(.text)
    TIM_ETRClockMode2Config                  0x0800254f   Thumb Code    32  stm32f10x_tim.o(.text)
    TIM_PrescalerConfig                      0x0800256f   Thumb Code     6  stm32f10x_tim.o(.text)
    TIM_CounterModeConfig                    0x08002575   Thumb Code    18  stm32f10x_tim.o(.text)
    TIM_EncoderInterfaceConfig               0x08002587   Thumb Code    66  stm32f10x_tim.o(.text)
    TIM_ForcedOC1Config                      0x080025c9   Thumb Code    18  stm32f10x_tim.o(.text)
    TIM_ForcedOC2Config                      0x080025db   Thumb Code    26  stm32f10x_tim.o(.text)
    TIM_ForcedOC3Config                      0x080025f5   Thumb Code    18  stm32f10x_tim.o(.text)
    TIM_ForcedOC4Config                      0x08002607   Thumb Code    26  stm32f10x_tim.o(.text)
    TIM_ARRPreloadConfig                     0x08002621   Thumb Code    24  stm32f10x_tim.o(.text)
    TIM_SelectCOM                            0x08002639   Thumb Code    24  stm32f10x_tim.o(.text)
    TIM_SelectCCDMA                          0x08002651   Thumb Code    24  stm32f10x_tim.o(.text)
    TIM_CCPreloadControl                     0x08002669   Thumb Code    24  stm32f10x_tim.o(.text)
    TIM_OC1PreloadConfig                     0x08002681   Thumb Code    18  stm32f10x_tim.o(.text)
    TIM_OC2PreloadConfig                     0x08002693   Thumb Code    26  stm32f10x_tim.o(.text)
    TIM_OC3PreloadConfig                     0x080026ad   Thumb Code    18  stm32f10x_tim.o(.text)
    TIM_OC4PreloadConfig                     0x080026bf   Thumb Code    26  stm32f10x_tim.o(.text)
    TIM_OC1FastConfig                        0x080026d9   Thumb Code    18  stm32f10x_tim.o(.text)
    TIM_OC2FastConfig                        0x080026eb   Thumb Code    26  stm32f10x_tim.o(.text)
    TIM_OC3FastConfig                        0x08002705   Thumb Code    18  stm32f10x_tim.o(.text)
    TIM_OC4FastConfig                        0x08002717   Thumb Code    26  stm32f10x_tim.o(.text)
    TIM_ClearOC1Ref                          0x08002731   Thumb Code    18  stm32f10x_tim.o(.text)
    TIM_ClearOC2Ref                          0x08002743   Thumb Code    24  stm32f10x_tim.o(.text)
    TIM_ClearOC3Ref                          0x0800275b   Thumb Code    18  stm32f10x_tim.o(.text)
    TIM_ClearOC4Ref                          0x0800276d   Thumb Code    24  stm32f10x_tim.o(.text)
    TIM_OC1PolarityConfig                    0x08002785   Thumb Code    18  stm32f10x_tim.o(.text)
    TIM_OC1NPolarityConfig                   0x08002797   Thumb Code    18  stm32f10x_tim.o(.text)
    TIM_OC2PolarityConfig                    0x080027a9   Thumb Code    26  stm32f10x_tim.o(.text)
    TIM_OC2NPolarityConfig                   0x080027c3   Thumb Code    26  stm32f10x_tim.o(.text)
    TIM_OC3PolarityConfig                    0x080027dd   Thumb Code    26  stm32f10x_tim.o(.text)
    TIM_OC3NPolarityConfig                   0x080027f7   Thumb Code    26  stm32f10x_tim.o(.text)
    TIM_OC4PolarityConfig                    0x08002811   Thumb Code    26  stm32f10x_tim.o(.text)
    TIM_CCxCmd                               0x0800282b   Thumb Code    30  stm32f10x_tim.o(.text)
    TIM_CCxNCmd                              0x08002849   Thumb Code    30  stm32f10x_tim.o(.text)
    TIM_SelectOCxM                           0x08002867   Thumb Code    82  stm32f10x_tim.o(.text)
    TIM_UpdateDisableConfig                  0x080028b9   Thumb Code    24  stm32f10x_tim.o(.text)
    TIM_UpdateRequestConfig                  0x080028d1   Thumb Code    24  stm32f10x_tim.o(.text)
    TIM_SelectHallSensor                     0x080028e9   Thumb Code    24  stm32f10x_tim.o(.text)
    TIM_SelectOnePulseMode                   0x08002901   Thumb Code    18  stm32f10x_tim.o(.text)
    TIM_SelectOutputTrigger                  0x08002913   Thumb Code    18  stm32f10x_tim.o(.text)
    TIM_SelectSlaveMode                      0x08002925   Thumb Code    18  stm32f10x_tim.o(.text)
    TIM_SelectMasterSlaveMode                0x08002937   Thumb Code    18  stm32f10x_tim.o(.text)
    TIM_SetCounter                           0x08002949   Thumb Code     4  stm32f10x_tim.o(.text)
    TIM_SetAutoreload                        0x0800294d   Thumb Code     4  stm32f10x_tim.o(.text)
    TIM_SetCompare1                          0x08002951   Thumb Code     4  stm32f10x_tim.o(.text)
    TIM_SetCompare2                          0x08002955   Thumb Code     4  stm32f10x_tim.o(.text)
    TIM_SetCompare3                          0x08002959   Thumb Code     4  stm32f10x_tim.o(.text)
    TIM_SetCompare4                          0x0800295d   Thumb Code     6  stm32f10x_tim.o(.text)
    TIM_SetClockDivision                     0x08002963   Thumb Code    18  stm32f10x_tim.o(.text)
    TIM_GetCapture1                          0x08002975   Thumb Code     6  stm32f10x_tim.o(.text)
    TIM_GetCapture2                          0x0800297b   Thumb Code     6  stm32f10x_tim.o(.text)
    TIM_GetCapture3                          0x08002981   Thumb Code     6  stm32f10x_tim.o(.text)
    TIM_GetCapture4                          0x08002987   Thumb Code     8  stm32f10x_tim.o(.text)
    TIM_GetCounter                           0x0800298f   Thumb Code     6  stm32f10x_tim.o(.text)
    TIM_GetPrescaler                         0x08002995   Thumb Code     6  stm32f10x_tim.o(.text)
    TIM_GetFlagStatus                        0x0800299b   Thumb Code    18  stm32f10x_tim.o(.text)
    TIM_ClearFlag                            0x080029ad   Thumb Code     6  stm32f10x_tim.o(.text)
    TIM_GetITStatus                          0x080029b3   Thumb Code    34  stm32f10x_tim.o(.text)
    TIM_ClearITPendingBit                    0x080029d5   Thumb Code     6  stm32f10x_tim.o(.text)
    USART_DeInit                             0x080029dd   Thumb Code   134  stm32f10x_usart.o(.text)
    USART_Init                               0x08002a63   Thumb Code   210  stm32f10x_usart.o(.text)
    USART_StructInit                         0x08002b35   Thumb Code    24  stm32f10x_usart.o(.text)
    USART_ClockInit                          0x08002b4d   Thumb Code    34  stm32f10x_usart.o(.text)
    USART_ClockStructInit                    0x08002b6f   Thumb Code    12  stm32f10x_usart.o(.text)
    USART_Cmd                                0x08002b7b   Thumb Code    24  stm32f10x_usart.o(.text)
    USART_ITConfig                           0x08002b93   Thumb Code    74  stm32f10x_usart.o(.text)
    USART_DMACmd                             0x08002bdd   Thumb Code    18  stm32f10x_usart.o(.text)
    USART_SetAddress                         0x08002bef   Thumb Code    18  stm32f10x_usart.o(.text)
    USART_WakeUpConfig                       0x08002c01   Thumb Code    18  stm32f10x_usart.o(.text)
    USART_ReceiverWakeUpCmd                  0x08002c13   Thumb Code    24  stm32f10x_usart.o(.text)
    USART_LINBreakDetectLengthConfig         0x08002c2b   Thumb Code    18  stm32f10x_usart.o(.text)
    USART_LINCmd                             0x08002c3d   Thumb Code    24  stm32f10x_usart.o(.text)
    USART_SendData                           0x08002c55   Thumb Code     8  stm32f10x_usart.o(.text)
    USART_ReceiveData                        0x08002c5d   Thumb Code    10  stm32f10x_usart.o(.text)
    USART_SendBreak                          0x08002c67   Thumb Code    10  stm32f10x_usart.o(.text)
    USART_SetGuardTime                       0x08002c71   Thumb Code    16  stm32f10x_usart.o(.text)
    USART_SetPrescaler                       0x08002c81   Thumb Code    16  stm32f10x_usart.o(.text)
    USART_SmartCardCmd                       0x08002c91   Thumb Code    24  stm32f10x_usart.o(.text)
    USART_SmartCardNACKCmd                   0x08002ca9   Thumb Code    24  stm32f10x_usart.o(.text)
    USART_HalfDuplexCmd                      0x08002cc1   Thumb Code    24  stm32f10x_usart.o(.text)
    USART_OverSampling8Cmd                   0x08002cd9   Thumb Code    22  stm32f10x_usart.o(.text)
    USART_OneBitMethodCmd                    0x08002cef   Thumb Code    24  stm32f10x_usart.o(.text)
    USART_IrDAConfig                         0x08002d07   Thumb Code    18  stm32f10x_usart.o(.text)
    USART_IrDACmd                            0x08002d19   Thumb Code    24  stm32f10x_usart.o(.text)
    USART_GetFlagStatus                      0x08002d31   Thumb Code    26  stm32f10x_usart.o(.text)
    USART_ClearFlag                          0x08002d4b   Thumb Code    18  stm32f10x_usart.o(.text)
    USART_GetITStatus                        0x08002d5d   Thumb Code    84  stm32f10x_usart.o(.text)
    USART_ClearITPendingBit                  0x08002db1   Thumb Code    52  stm32f10x_usart.o(.text)
    ADC_DeInit                               0x08002de5   Thumb Code    78  stm32f10x_adc.o(.text)
    ADC_Init                                 0x08002e33   Thumb Code    70  stm32f10x_adc.o(.text)
    ADC_StructInit                           0x08002e79   Thumb Code    18  stm32f10x_adc.o(.text)
    ADC_Cmd                                  0x08002e8b   Thumb Code    22  stm32f10x_adc.o(.text)
    ADC_DMACmd                               0x08002ea1   Thumb Code    22  stm32f10x_adc.o(.text)
    ADC_ITConfig                             0x08002eb7   Thumb Code    24  stm32f10x_adc.o(.text)
    ADC_ResetCalibration                     0x08002ecf   Thumb Code    10  stm32f10x_adc.o(.text)
    ADC_GetResetCalibrationStatus            0x08002ed9   Thumb Code    20  stm32f10x_adc.o(.text)
    ADC_StartCalibration                     0x08002eed   Thumb Code    10  stm32f10x_adc.o(.text)
    ADC_GetCalibrationStatus                 0x08002ef7   Thumb Code    20  stm32f10x_adc.o(.text)
    ADC_SoftwareStartConvCmd                 0x08002f0b   Thumb Code    22  stm32f10x_adc.o(.text)
    ADC_GetSoftwareStartConvStatus           0x08002f21   Thumb Code    20  stm32f10x_adc.o(.text)
    ADC_DiscModeChannelCountConfig           0x08002f35   Thumb Code    24  stm32f10x_adc.o(.text)
    ADC_DiscModeCmd                          0x08002f4d   Thumb Code    22  stm32f10x_adc.o(.text)
    ADC_RegularChannelConfig                 0x08002f63   Thumb Code   184  stm32f10x_adc.o(.text)
    ADC_ExternalTrigConvCmd                  0x0800301b   Thumb Code    22  stm32f10x_adc.o(.text)
    ADC_GetConversionValue                   0x08003031   Thumb Code     8  stm32f10x_adc.o(.text)
    ADC_GetDualModeConversionValue           0x08003039   Thumb Code     8  stm32f10x_adc.o(.text)
    ADC_AutoInjectedConvCmd                  0x08003041   Thumb Code    22  stm32f10x_adc.o(.text)
    ADC_InjectedDiscModeCmd                  0x08003057   Thumb Code    22  stm32f10x_adc.o(.text)
    ADC_ExternalTrigInjectedConvConfig       0x0800306d   Thumb Code    16  stm32f10x_adc.o(.text)
    ADC_ExternalTrigInjectedConvCmd          0x0800307d   Thumb Code    22  stm32f10x_adc.o(.text)
    ADC_SoftwareStartInjectedConvCmd         0x08003093   Thumb Code    22  stm32f10x_adc.o(.text)
    ADC_GetSoftwareStartInjectedConvCmdStatus 0x080030a9   Thumb Code    20  stm32f10x_adc.o(.text)
    ADC_InjectedChannelConfig                0x080030bd   Thumb Code   130  stm32f10x_adc.o(.text)
    ADC_InjectedSequencerLengthConfig        0x0800313f   Thumb Code    24  stm32f10x_adc.o(.text)
    ADC_SetInjectedOffset                    0x08003157   Thumb Code    20  stm32f10x_adc.o(.text)
    ADC_GetInjectedConversionValue           0x0800316b   Thumb Code    28  stm32f10x_adc.o(.text)
    ADC_AnalogWatchdogCmd                    0x08003187   Thumb Code    16  stm32f10x_adc.o(.text)
    ADC_AnalogWatchdogThresholdsConfig       0x08003197   Thumb Code     6  stm32f10x_adc.o(.text)
    ADC_AnalogWatchdogSingleChannelConfig    0x0800319d   Thumb Code    16  stm32f10x_adc.o(.text)
    ADC_TempSensorVrefintCmd                 0x080031ad   Thumb Code    64  stm32f10x_adc.o(.text)
    ADC_GetFlagStatus                        0x080031ed   Thumb Code    18  stm32f10x_adc.o(.text)
    ADC_ClearFlag                            0x080031ff   Thumb Code     6  stm32f10x_adc.o(.text)
    ADC_GetITStatus                          0x08003205   Thumb Code    36  stm32f10x_adc.o(.text)
    ADC_ClearITPendingBit                    0x08003229   Thumb Code    10  stm32f10x_adc.o(.text)
    FLASH_SetLatency                         0x08003235   Thumb Code    18  stm32f10x_flash.o(.text)
    FLASH_HalfCycleAccessCmd                 0x08003247   Thumb Code    22  stm32f10x_flash.o(.text)
    FLASH_PrefetchBufferCmd                  0x0800325d   Thumb Code    22  stm32f10x_flash.o(.text)
    FLASH_Unlock                             0x08003273   Thumb Code    12  stm32f10x_flash.o(.text)
    FLASH_UnlockBank1                        0x0800327f   Thumb Code    12  stm32f10x_flash.o(.text)
    FLASH_Lock                               0x0800328b   Thumb Code    14  stm32f10x_flash.o(.text)
    FLASH_LockBank1                          0x08003299   Thumb Code    14  stm32f10x_flash.o(.text)
    FLASH_GetBank1Status                     0x080032a7   Thumb Code    48  stm32f10x_flash.o(.text)
    FLASH_WaitForLastOperation               0x080032d7   Thumb Code    38  stm32f10x_flash.o(.text)
    FLASH_ErasePage                          0x080032fd   Thumb Code    72  stm32f10x_flash.o(.text)
    FLASH_EraseAllPages                      0x08003345   Thumb Code    68  stm32f10x_flash.o(.text)
    FLASH_WaitForLastBank1Operation          0x08003389   Thumb Code    38  stm32f10x_flash.o(.text)
    FLASH_EraseAllBank1Pages                 0x080033af   Thumb Code    68  stm32f10x_flash.o(.text)
    FLASH_GetReadOutProtectionStatus         0x080033f3   Thumb Code    20  stm32f10x_flash.o(.text)
    FLASH_EraseOptionBytes                   0x08003407   Thumb Code   150  stm32f10x_flash.o(.text)
    FLASH_ProgramWord                        0x0800349d   Thumb Code   102  stm32f10x_flash.o(.text)
    FLASH_ProgramHalfWord                    0x08003503   Thumb Code    60  stm32f10x_flash.o(.text)
    FLASH_ProgramOptionByteData              0x0800353f   Thumb Code    72  stm32f10x_flash.o(.text)
    FLASH_EnableWriteProtection              0x08003587   Thumb Code   200  stm32f10x_flash.o(.text)
    FLASH_ReadOutProtection                  0x0800364f   Thumb Code   156  stm32f10x_flash.o(.text)
    FLASH_UserOptionByteConfig               0x080036eb   Thumb Code    88  stm32f10x_flash.o(.text)
    FLASH_GetUserOptionByte                  0x08003743   Thumb Code     8  stm32f10x_flash.o(.text)
    FLASH_GetWriteProtectionOptionByte       0x0800374b   Thumb Code     6  stm32f10x_flash.o(.text)
    FLASH_GetPrefetchBufferStatus            0x08003751   Thumb Code    20  stm32f10x_flash.o(.text)
    FLASH_ITConfig                           0x08003765   Thumb Code    26  stm32f10x_flash.o(.text)
    FLASH_GetFlagStatus                      0x0800377f   Thumb Code    42  stm32f10x_flash.o(.text)
    FLASH_ClearFlag                          0x080037a9   Thumb Code     6  stm32f10x_flash.o(.text)
    FLASH_GetStatus                          0x080037af   Thumb Code    48  stm32f10x_flash.o(.text)
    OS_StrLen                                0x080037f1   Thumb Code    28  os_core.o(.text)
    OSEventNameGet                           0x0800380d   Thumb Code   118  os_core.o(.text)
    OSEventNameSet                           0x08003883   Thumb Code   100  os_core.o(.text)
    OS_TaskStatStkChk                        0x080038e7   Thumb Code    54  os_core.o(.text)
    OS_TaskStat                              0x0800391d   Thumb Code   140  os_core.o(.text)
    OS_TaskIdle                              0x080039df   Thumb Code    34  os_core.o(.text)
    OS_MemClr                                0x08003a37   Thumb Code    18  os_core.o(.text)
    OSInit                                   0x08003b5f   Thumb Code    48  os_core.o(.text)
    OSIntEnter                               0x08003b8f   Thumb Code    28  os_core.o(.text)
    OSIntExit                                0x08003bc5   Thumb Code   270  os_core.o(.text)
    OSSchedLock                              0x08003cd3   Thumb Code    50  os_core.o(.text)
    OS_Sched                                 0x08003d05   Thumb Code    88  os_core.o(.text)
    OSSchedUnlock                            0x08003d5d   Thumb Code    82  os_core.o(.text)
    OSStart                                  0x08003daf   Thumb Code    48  os_core.o(.text)
    OSStatInit                               0x08003ddf   Thumb Code    62  os_core.o(.text)
    OSTimeTick                               0x08003e1d   Thumb Code   210  os_core.o(.text)
    OSVersion                                0x08003eef   Thumb Code     6  os_core.o(.text)
    OS_Dummy                                 0x08003ef5   Thumb Code     2  os_core.o(.text)
    OS_EventTaskRemove                       0x08003ef7   Thumb Code    42  os_core.o(.text)
    OS_EventTaskRdy                          0x08003f21   Thumb Code   114  os_core.o(.text)
    OS_EventTaskWait                         0x08003f93   Thumb Code   112  os_core.o(.text)
    OS_EventWaitListInit                     0x08004003   Thumb Code    28  os_core.o(.text)
    OS_MemCopy                               0x0800401f   Thumb Code    20  os_core.o(.text)
    OS_TCBInit                               0x08004033   Thumb Code   374  os_core.o(.text)
    OSFlagAccept                             0x080041bd   Thumb Code   262  os_flag.o(.text)
    OSFlagCreate                             0x080042c3   Thumb Code    86  os_flag.o(.text)
    OS_FlagUnlink                            0x08004319   Thumb Code    36  os_flag.o(.text)
    OSFlagDel                                0x08004395   Thumb Code   226  os_flag.o(.text)
    OSFlagNameGet                            0x08004477   Thumb Code   100  os_flag.o(.text)
    OSFlagNameSet                            0x080044db   Thumb Code    82  os_flag.o(.text)
    OSFlagPend                               0x080045c5   Thumb Code   626  os_flag.o(.text)
    OSFlagPendGetFlagsRdy                    0x08004837   Thumb Code    26  os_flag.o(.text)
    OSFlagPost                               0x08004851   Thumb Code   330  os_flag.o(.text)
    OSFlagQuery                              0x0800499b   Thumb Code    58  os_flag.o(.text)
    OS_FlagInit                              0x080049d5   Thumb Code    78  os_flag.o(.text)
    OSMemCreate                              0x08004a31   Thumb Code   164  os_mem.o(.text)
    OSMemGet                                 0x08004ad5   Thumb Code    72  os_mem.o(.text)
    OSMemNameGet                             0x08004b1d   Thumb Code    80  os_mem.o(.text)
    OSMemNameSet                             0x08004b6d   Thumb Code    64  os_mem.o(.text)
    OSMemPut                                 0x08004bad   Thumb Code    66  os_mem.o(.text)
    OSMemQuery                               0x08004bef   Thumb Code    64  os_mem.o(.text)
    OS_MemInit                               0x08004c2f   Thumb Code    74  os_mem.o(.text)
    OSQAccept                                0x08004c89   Thumb Code    98  os_q.o(.text)
    OSQCreate                                0x08004ceb   Thumb Code   144  os_q.o(.text)
    OSQDel                                   0x08004d7b   Thumb Code   254  os_q.o(.text)
    OSQFlush                                 0x08004e79   Thumb Code    52  os_q.o(.text)
    OSQPend                                  0x08004ead   Thumb Code   282  os_q.o(.text)
    OSQPendAbort                             0x08004fc7   Thumb Code   138  os_q.o(.text)
    OSQPost                                  0x08005051   Thumb Code   120  os_q.o(.text)
    OSQPostFront                             0x080050c9   Thumb Code   148  os_q.o(.text)
    OSQPostOpt                               0x0800515d   Thumb Code   188  os_q.o(.text)
    OSQQuery                                 0x08005219   Thumb Code   110  os_q.o(.text)
    OS_QInit                                 0x08005287   Thumb Code    72  os_q.o(.text)
    OSTaskChangePrio                         0x080052d9   Thumb Code   342  os_task.o(.text)
    OSTaskCreate                             0x0800542f   Thumb Code   156  os_task.o(.text)
    OS_TaskStkClr                            0x080054cb   Thumb Code    26  os_task.o(.text)
    OSTaskCreateExt                          0x080054e5   Thumb Code   178  os_task.o(.text)
    OSTaskDel                                0x08005597   Thumb Code   306  os_task.o(.text)
    OSTaskDelReq                             0x080056c9   Thumb Code   158  os_task.o(.text)
    OSTaskNameGet                            0x08005767   Thumb Code   140  os_task.o(.text)
    OSTaskNameSet                            0x080057f3   Thumb Code   120  os_task.o(.text)
    OSTaskResume                             0x0800586b   Thumb Code   162  os_task.o(.text)
    OSTaskStkChk                             0x0800590d   Thumb Code   146  os_task.o(.text)
    OSTaskSuspend                            0x0800599f   Thumb Code   172  os_task.o(.text)
    OSTaskQuery                              0x08005a4b   Thumb Code   100  os_task.o(.text)
    OSTaskRegGet                             0x08005aaf   Thumb Code   110  os_task.o(.text)
    OSTaskRegGetID                           0x08005b1d   Thumb Code    58  os_task.o(.text)
    OSTaskRegSet                             0x08005b57   Thumb Code    84  os_task.o(.text)
    OS_TaskReturn                            0x08005bab   Thumb Code    18  os_task.o(.text)
    OSTimeDly                                0x08005bc9   Thumb Code   100  os_time.o(.text)
    OSTimeDlyHMSM                            0x08005c2d   Thumb Code   124  os_time.o(.text)
    OSTimeDlyResume                          0x08005ca9   Thumb Code   168  os_time.o(.text)
    OSTimeGet                                0x08005d51   Thumb Code    24  os_time.o(.text)
    OSTimeSet                                0x08005d69   Thumb Code    24  os_time.o(.text)
    OS_CPU_SR_Save                           0x08005d9d   Thumb Code     0  os_cpu_a.o(.text)
    OS_CPU_SR_Restore                        0x08005da5   Thumb Code     0  os_cpu_a.o(.text)
    OSStartHighRdy                           0x08005dab   Thumb Code     0  os_cpu_a.o(.text)
    OSCtxSw                                  0x08005dcb   Thumb Code     0  os_cpu_a.o(.text)
    OSIntCtxSw                               0x08005dd5   Thumb Code     0  os_cpu_a.o(.text)
    PendSV_Handler                           0x08005ddf   Thumb Code     0  os_cpu_a.o(.text)
    OSInitHookBegin                          0x08005e41   Thumb Code     2  os_cpu_c.o(.text)
    OSInitHookEnd                            0x08005e43   Thumb Code     2  os_cpu_c.o(.text)
    OSTaskCreateHook                         0x08005e45   Thumb Code     2  os_cpu_c.o(.text)
    OSTaskDelHook                            0x08005e47   Thumb Code     2  os_cpu_c.o(.text)
    OSTaskIdleHook                           0x08005e49   Thumb Code     2  os_cpu_c.o(.text)
    OSTaskReturnHook                         0x08005e4b   Thumb Code     2  os_cpu_c.o(.text)
    OSTaskStatHook                           0x08005e4d   Thumb Code     2  os_cpu_c.o(.text)
    OSTaskStkInit                            0x08005e4f   Thumb Code   152  os_cpu_c.o(.text)
    OSTaskSwHook                             0x08005ee7   Thumb Code     2  os_cpu_c.o(.text)
    OSTCBInitHook                            0x08005ee9   Thumb Code     2  os_cpu_c.o(.text)
    OSTimeTickHook                           0x08005eeb   Thumb Code     2  os_cpu_c.o(.text)
    BSP_CPU_ClkFreq                          0x08005eed   Thumb Code    16  os_cpu_c.o(.text)
    OS_CPU_SysTickClkFreq                    0x08005efd   Thumb Code    12  os_cpu_c.o(.text)
    SysTickInit                              0x08005f09   Thumb Code    44  os_cpu_c.o(.text)
    _periphClock_init                        0x08005f39   Thumb Code    28  product.o(.text)
    _NVIC_init                               0x08005f55   Thumb Code    94  product.o(.text)
    _timer_init                              0x08005fb3   Thumb Code    96  product.o(.text)
    _usart1_init                             0x08006013   Thumb Code   140  product.o(.text)
    AD_EXITinit                              0x0800609f   Thumb Code    32  product.o(.text)
    ProductInit                              0x080060bf   Thumb Code    32  product.o(.text)
    TaskLed                                  0x080060ed   Thumb Code    36  task.o(.text)
    TaskUART4                                0x08006111   Thumb Code    16  task.o(.text)
    read_AD                                  0x08006121   Thumb Code    20  task.o(.text)
    responseCmdFromUpper                     0x08006135   Thumb Code    20  task.o(.text)
    TaskStart                                0x08006149   Thumb Code    68  task.o(.text)
    ReadOneTemp                              0x0800619d   Thumb Code   180  act.o(.text)
    WriteTempCompse                          0x08006251   Thumb Code   168  act.o(.text)
    ReadTempCompse                           0x080062f9   Thumb Code   158  act.o(.text)
    __aeabi_memset                           0x080063a5   Thumb Code    14  memseta.o(.text)
    __aeabi_memset4                          0x080063a5   Thumb Code     0  memseta.o(.text)
    __aeabi_memset8                          0x080063a5   Thumb Code     0  memseta.o(.text)
    __aeabi_memclr                           0x080063b3   Thumb Code     4  memseta.o(.text)
    __aeabi_memclr4                          0x080063b3   Thumb Code     0  memseta.o(.text)
    __aeabi_memclr8                          0x080063b3   Thumb Code     0  memseta.o(.text)
    _memset$wrapper                          0x080063b7   Thumb Code    18  memseta.o(.text)
    strstr                                   0x080063c9   Thumb Code    36  strstr.o(.text)
    __0sscanf                                0x080063ed   Thumb Code    48  __0sscanf.o(.text)
    _scanf_int                               0x08006425   Thumb Code   332  _scanf_int.o(.text)
    _scanf_string                            0x08006571   Thumb Code   224  _scanf_str.o(.text)
    __aeabi_fadd                             0x08006651   Thumb Code   164  fadd.o(.text)
    __aeabi_fsub                             0x080066f5   Thumb Code     6  fadd.o(.text)
    __aeabi_frsub                            0x080066fb   Thumb Code     6  fadd.o(.text)
    __aeabi_fmul                             0x08006701   Thumb Code   100  fmul.o(.text)
    __aeabi_fdiv                             0x08006765   Thumb Code   124  fdiv.o(.text)
    __aeabi_dadd                             0x080067e1   Thumb Code   322  dadd.o(.text)
    __aeabi_dsub                             0x08006923   Thumb Code     6  dadd.o(.text)
    __aeabi_drsub                            0x08006929   Thumb Code     6  dadd.o(.text)
    __aeabi_dmul                             0x0800692f   Thumb Code   228  dmul.o(.text)
    __aeabi_ddiv                             0x08006a13   Thumb Code   222  ddiv.o(.text)
    __aeabi_i2f                              0x08006af1   Thumb Code    18  fflti.o(.text)
    __aeabi_ui2f                             0x08006b03   Thumb Code    10  ffltui.o(.text)
    __aeabi_ui2d                             0x08006b0d   Thumb Code    26  dfltui.o(.text)
    __aeabi_f2iz                             0x08006b27   Thumb Code    50  ffixi.o(.text)
    __aeabi_f2uiz                            0x08006b59   Thumb Code    40  ffixui.o(.text)
    __aeabi_f2d                              0x08006b81   Thumb Code    38  f2d.o(.text)
    __aeabi_d2f                              0x08006ba7   Thumb Code    56  d2f.o(.text)
    __aeabi_cfcmpeq                          0x08006be1   Thumb Code     0  cfcmple.o(.text)
    __aeabi_cfcmple                          0x08006be1   Thumb Code    20  cfcmple.o(.text)
    __aeabi_cfrcmple                         0x08006bf5   Thumb Code    20  cfrcmple.o(.text)
    __aeabi_uidiv                            0x08006c09   Thumb Code     0  uidiv.o(.text)
    __aeabi_uidivmod                         0x08006c09   Thumb Code    44  uidiv.o(.text)
    __aeabi_uldivmod                         0x08006c35   Thumb Code    98  uldiv.o(.text)
    __aeabi_llsl                             0x08006c97   Thumb Code    30  llshl.o(.text)
    _ll_shift_l                              0x08006c97   Thumb Code     0  llshl.o(.text)
    __aeabi_lasr                             0x08006cb5   Thumb Code    36  llsshr.o(.text)
    _ll_sshift_r                             0x08006cb5   Thumb Code     0  llsshr.o(.text)
    _chval                                   0x08006cd9   Thumb Code    28  _chval.o(.text)
    __vfscanf_char                           0x08006d01   Thumb Code    20  scanf_char.o(.text)
    _sgetc                                   0x08006d1d   Thumb Code    30  _sgetc.o(.text)
    _sbackspace                              0x08006d3b   Thumb Code    34  _sgetc.o(.text)
    __I$use$fp                               0x08006d5d   Thumb Code     0  iusefp.o(.text)
    _float_round                             0x08006d5d   Thumb Code    18  fepilogue.o(.text)
    _float_epilogue                          0x08006d6f   Thumb Code    92  fepilogue.o(.text)
    _double_round                            0x08006dcb   Thumb Code    30  depilogue.o(.text)
    _double_epilogue                         0x08006de9   Thumb Code   156  depilogue.o(.text)
    __aeabi_d2ulz                            0x08006e85   Thumb Code    48  dfixul.o(.text)
    __aeabi_cdrcmple                         0x08006eb5   Thumb Code    48  cdrcmple.o(.text)
    __scatterload                            0x08006ee5   Thumb Code    28  init.o(.text)
    __scatterload_rt2                        0x08006ee5   Thumb Code     0  init.o(.text)
    __aeabi_llsr                             0x08006f09   Thumb Code    32  llushr.o(.text)
    _ll_ushift_r                             0x08006f09   Thumb Code     0  llushr.o(.text)
    isspace                                  0x08006f29   Thumb Code    10  isspace_c.o(.text)
    __vfscanf                                0x08006f35   Thumb Code   808  _scanf.o(.text)
    __ctype_lookup                           0x08007261   Thumb Code    34  ctype_c.o(.text)
    __0printf                                0x08007289   Thumb Code    22  printfa.o(i.__0printf)
    __1printf                                0x08007289   Thumb Code     0  printfa.o(i.__0printf)
    __2printf                                0x08007289   Thumb Code     0  printfa.o(i.__0printf)
    __c89printf                              0x08007289   Thumb Code     0  printfa.o(i.__0printf)
    printf                                   0x08007289   Thumb Code     0  printfa.o(i.__0printf)
    __scatterload_copy                       0x080072a9   Thumb Code    14  handlers.o(i.__scatterload_copy)
    __scatterload_null                       0x080072b7   Thumb Code     2  handlers.o(i.__scatterload_null)
    __scatterload_zeroinit                   0x080072b9   Thumb Code    14  handlers.o(i.__scatterload_zeroinit)
    RT_TABLE                                 0x08007b80   Data         968  temp_sample.o(.constdata)
    OSUnMapTbl                               0x08007f48   Data         256  os_core.o(.constdata)
    __ctype_categories                       0x08008048   Data          64  ctype_c.o(.constdata)
    Region$$Table$$Base                      0x08008088   Number         0  anon$$obj.o(Region$$Table)
    Region$$Table$$Limit                     0x080080a8   Number         0  anon$$obj.o(Region$$Table)
    __stdout                                 0x20000004   Data           4  usart.o(.data)
    SPIOK_USART3                             0x20000008   Data           1  usart.o(.data)
    RQRecieve_num                            0x20000009   Data           1  usart.o(.data)
    DEVICE_VERSION                           0x2000000a   Data          36  usart.o(.data)
    heat_ch1_duty                            0x20000030   Data           1  pid.o(.data)
    ArrayDuty                                0x20000034   Data          16  pid.o(.data)
    ArrayErr                                 0x20000044   Data          16  pid.o(.data)
    curtemp                                  0x20000054   Data           4  tempcontrol.o(.data)
    washdsttempofmach                        0x20000058   Data           4  tempcontrol.o(.data)
    washdsttempofreactioncup                 0x2000005c   Data           4  tempcontrol.o(.data)
    abluentdsttempofreactioncup              0x20000060   Data           4  tempcontrol.o(.data)
    wash_temp0                               0x20000064   Data           4  tempcontrol.o(.data)
    wash_temp1                               0x20000068   Data           4  tempcontrol.o(.data)
    wash_temp2                               0x2000006c   Data           4  tempcontrol.o(.data)
    wash_temp3                               0x20000070   Data           4  tempcontrol.o(.data)
    display_temp                             0x20000074   Data           4  tempcontrol.o(.data)
    ht_duty_count                            0x20000078   Data           1  tempcontrol.o(.data)
    samplecount                              0x2000007a   Data           2  tempcontrol.o(.data)
    SystemCoreClock                          0x2000007c   Data           4  system_stm32f10x.o(.data)
    AHBPrescTable                            0x20000080   Data          16  system_stm32f10x.o(.data)
    OSCtxSwCtr                               0x200000a4   Data           4  os_core.o(.data)
    OSEventFreeList                          0x200000a8   Data           4  os_core.o(.data)
    OSFlagFreeList                           0x200000ac   Data           4  os_core.o(.data)
    OSCPUUsage                               0x200000b0   Data           1  os_core.o(.data)
    OSIdleCtrMax                             0x200000b4   Data           4  os_core.o(.data)
    OSIdleCtrRun                             0x200000b8   Data           4  os_core.o(.data)
    OSStatRdy                                0x200000bc   Data           1  os_core.o(.data)
    OSIntNesting                             0x200000bd   Data           1  os_core.o(.data)
    OSLockNesting                            0x200000be   Data           1  os_core.o(.data)
    OSPrioCur                                0x200000bf   Data           1  os_core.o(.data)
    OSPrioHighRdy                            0x200000c0   Data           1  os_core.o(.data)
    OSRdyGrp                                 0x200000c1   Data           1  os_core.o(.data)
    OSRdyTbl                                 0x200000c2   Data           4  os_core.o(.data)
    OSRunning                                0x200000c6   Data           1  os_core.o(.data)
    OSTaskCtr                                0x200000c7   Data           1  os_core.o(.data)
    OSIdleCtr                                0x200000c8   Data           4  os_core.o(.data)
    OSTCBCur                                 0x200000cc   Data           4  os_core.o(.data)
    OSTCBFreeList                            0x200000d0   Data           4  os_core.o(.data)
    OSTCBHighRdy                             0x200000d4   Data           4  os_core.o(.data)
    OSTCBList                                0x200000d8   Data           4  os_core.o(.data)
    OSTickStepState                          0x200000dc   Data           1  os_core.o(.data)
    OSMemFreeList                            0x200000e0   Data           4  os_core.o(.data)
    OSQFreeList                              0x200000e4   Data           4  os_core.o(.data)
    OSTaskRegNextAvailID                     0x200000e8   Data           1  os_core.o(.data)
    OSTime                                   0x200000ec   Data           4  os_core.o(.data)
    USARTForTemp                             0x200000f0   Data          32  usart.o(.bss)
    Uart_Buff                                0x20000110   Data          24  usart.o(.bss)
    Uart_Buff_USART3                         0x20000128   Data          24  usart.o(.bss)
    USART2_Buffer                            0x20000140   Data          24  usart.o(.bss)
    reac_tunning                             0x20000158   Data          68  pid.o(.bss)
    STMFLASH_BUF                             0x2000019c   Data        1024  stmflash.o(.bss)
    OSEventTbl                               0x2000059c   Data         200  os_core.o(.bss)
    OSFlagTbl                                0x20000664   Data          80  os_core.o(.bss)
    OSTaskStatStk                            0x200006b4   Data        2048  os_core.o(.bss)
    OSTaskIdleStk                            0x20000eb4   Data        2048  os_core.o(.bss)
    OSTCBPrioTbl                             0x200016b4   Data         128  os_core.o(.bss)
    OSTCBTbl                                 0x20001734   Data        1512  os_core.o(.bss)
    OSMemTbl                                 0x20001d1c   Data         120  os_core.o(.bss)
    OSQTbl                                   0x20001d94   Data          96  os_core.o(.bss)
    TASK_LED_STK                             0x20001df4   Data         256  task.o(.bss)
    TASK_START_STK                           0x20001ef4   Data        2048  task.o(.bss)
    TASK_AD_STK                              0x200026f4   Data        2048  task.o(.bss)
    TASK_PARES_CMD_STK                       0x20002ef4   Data         256  task.o(.bss)
    __initial_sp                             0x20003ff8   Data           0  startup_stm32f10x_hd.o(STACK)



==============================================================================

Memory Map of the image

  Image Entry point : 0x08000131

  Load Region LR_IROM1 (Base: 0x08000000, Size: 0x00008198, Max: 0x00020000, ABSOLUTE)

    Execution Region ER_IROM1 (Base: 0x08000000, Size: 0x000080a8, Max: 0x00020000, ABSOLUTE)

    Base Addr    Size         Type   Attr      Idx    E Section Name        Object

    0x08000000   0x00000130   Data   RO          349    RESET               startup_stm32f10x_hd.o
    0x08000130   0x00000000   Code   RO          675  * .ARM.Collect$$$$00000000  mc_w.l(entry.o)
    0x08000130   0x00000004   Code   RO          979    .ARM.Collect$$$$00000001  mc_w.l(entry2.o)
    0x08000134   0x00000004   Code   RO          982    .ARM.Collect$$$$00000004  mc_w.l(entry5.o)
    0x08000138   0x00000000   Code   RO          984    .ARM.Collect$$$$00000008  mc_w.l(entry7b.o)
    0x08000138   0x00000000   Code   RO          986    .ARM.Collect$$$$0000000A  mc_w.l(entry8b.o)
    0x08000138   0x00000008   Code   RO          987    .ARM.Collect$$$$0000000B  mc_w.l(entry9a.o)
    0x08000140   0x00000000   Code   RO          989    .ARM.Collect$$$$0000000D  mc_w.l(entry10a.o)
    0x08000140   0x00000000   Code   RO          991    .ARM.Collect$$$$0000000F  mc_w.l(entry11a.o)
    0x08000140   0x00000004   Code   RO          980    .ARM.Collect$$$$00002712  mc_w.l(entry2.o)
    0x08000144   0x0000002c   Code   RO            1    .text               main.o
    0x08000170   0x000000e4   Code   RO          159    .text               delay.o
    0x08000254   0x000003d0   Code   RO          185    .text               usart.o
    0x08000624   0x00000034   Code   RO          213    .text               led.o
    0x08000658   0x00000060   Code   RO          228    .text               switch.o
    0x080006b8   0x000000fc   Code   RO          251    .text               tempcollecte.o
    0x080007b4   0x0000048c   Code   RO          266    .text               pid.o
    0x08000c40   0x00000280   Code   RO          289    .text               temp_sample.o
    0x08000ec0   0x00000178   Code   RO          311    .text               tempcontrol.o
    0x08001038   0x0000016c   Code   RO          329    .text               stmflash.o
    0x080011a4   0x00000024   Code   RO          350    .text               startup_stm32f10x_hd.o
    0x080011c8   0x0000003c   Code   RO          355    .text               stm32f10x_it.o
    0x08001204   0x000001e0   Code   RO          370    .text               system_stm32f10x.o
    0x080013e4   0x000000dc   Code   RO          388    .text               misc.o
    0x080014c0   0x0000035c   Code   RO          400    .text               stm32f10x_gpio.o
    0x0800181c   0x000003a4   Code   RO          412    .text               stm32f10x_rcc.o
    0x08001bc0   0x00000e1a   Code   RO          426    .text               stm32f10x_tim.o
    0x080029da   0x00000002   PAD
    0x080029dc   0x00000408   Code   RO          438    .text               stm32f10x_usart.o
    0x08002de4   0x0000044e   Code   RO          450    .text               stm32f10x_adc.o
    0x08003232   0x00000002   PAD
    0x08003234   0x000005bc   Code   RO          462    .text               stm32f10x_flash.o
    0x080037f0   0x000009cc   Code   RO          474    .text               os_core.o
    0x080041bc   0x00000874   Code   RO          494    .text               os_flag.o
    0x08004a30   0x00000258   Code   RO          506    .text               os_mem.o
    0x08004c88   0x00000650   Code   RO          518    .text               os_q.o
    0x080052d8   0x000008f0   Code   RO          542    .text               os_task.o
    0x08005bc8   0x000001d4   Code   RO          554    .text               os_time.o
    0x08005d9c   0x000000a4   Code   RO          566    .text               os_cpu_a.o
    0x08005e40   0x000000f8   Code   RO          569    .text               os_cpu_c.o
    0x08005f38   0x000001b4   Code   RO          597    .text               product.o
    0x080060ec   0x000000b0   Code   RO          617    .text               task.o
    0x0800619c   0x00000208   Code   RO          659    .text               act.o
    0x080063a4   0x00000024   Code   RO          678    .text               mc_w.l(memseta.o)
    0x080063c8   0x00000024   Code   RO          680    .text               mc_w.l(strstr.o)
    0x080063ec   0x00000038   Code   RO          943    .text               mc_w.l(__0sscanf.o)
    0x08006424   0x0000014c   Code   RO          945    .text               mc_w.l(_scanf_int.o)
    0x08006570   0x000000e0   Code   RO          947    .text               mc_w.l(_scanf_str.o)
    0x08006650   0x000000b0   Code   RO          949    .text               mf_w.l(fadd.o)
    0x08006700   0x00000064   Code   RO          951    .text               mf_w.l(fmul.o)
    0x08006764   0x0000007c   Code   RO          953    .text               mf_w.l(fdiv.o)
    0x080067e0   0x0000014e   Code   RO          955    .text               mf_w.l(dadd.o)
    0x0800692e   0x000000e4   Code   RO          957    .text               mf_w.l(dmul.o)
    0x08006a12   0x000000de   Code   RO          959    .text               mf_w.l(ddiv.o)
    0x08006af0   0x00000012   Code   RO          961    .text               mf_w.l(fflti.o)
    0x08006b02   0x0000000a   Code   RO          963    .text               mf_w.l(ffltui.o)
    0x08006b0c   0x0000001a   Code   RO          965    .text               mf_w.l(dfltui.o)
    0x08006b26   0x00000032   Code   RO          967    .text               mf_w.l(ffixi.o)
    0x08006b58   0x00000028   Code   RO          969    .text               mf_w.l(ffixui.o)
    0x08006b80   0x00000026   Code   RO          971    .text               mf_w.l(f2d.o)
    0x08006ba6   0x00000038   Code   RO          973    .text               mf_w.l(d2f.o)
    0x08006bde   0x00000002   PAD
    0x08006be0   0x00000014   Code   RO          975    .text               mf_w.l(cfcmple.o)
    0x08006bf4   0x00000014   Code   RO          977    .text               mf_w.l(cfrcmple.o)
    0x08006c08   0x0000002c   Code   RO          993    .text               mc_w.l(uidiv.o)
    0x08006c34   0x00000062   Code   RO          995    .text               mc_w.l(uldiv.o)
    0x08006c96   0x0000001e   Code   RO          997    .text               mc_w.l(llshl.o)
    0x08006cb4   0x00000024   Code   RO          999    .text               mc_w.l(llsshr.o)
    0x08006cd8   0x0000001c   Code   RO         1001    .text               mc_w.l(_chval.o)
    0x08006cf4   0x00000028   Code   RO         1003    .text               mc_w.l(scanf_char.o)
    0x08006d1c   0x00000040   Code   RO         1005    .text               mc_w.l(_sgetc.o)
    0x08006d5c   0x00000000   Code   RO         1007    .text               mc_w.l(iusefp.o)
    0x08006d5c   0x0000006e   Code   RO         1008    .text               mf_w.l(fepilogue.o)
    0x08006dca   0x000000ba   Code   RO         1010    .text               mf_w.l(depilogue.o)
    0x08006e84   0x00000030   Code   RO         1012    .text               mf_w.l(dfixul.o)
    0x08006eb4   0x00000030   Code   RO         1014    .text               mf_w.l(cdrcmple.o)
    0x08006ee4   0x00000024   Code   RO         1016    .text               mc_w.l(init.o)
    0x08006f08   0x00000020   Code   RO         1018    .text               mc_w.l(llushr.o)
    0x08006f28   0x0000000a   Code   RO         1020    .text               mc_w.l(isspace_c.o)
    0x08006f32   0x00000002   PAD
    0x08006f34   0x0000032c   Code   RO         1022    .text               mc_w.l(_scanf.o)
    0x08007260   0x00000028   Code   RO         1024    .text               mc_w.l(ctype_c.o)
    0x08007288   0x00000020   Code   RO          915    i.__0printf         mc_w.l(printfa.o)
    0x080072a8   0x0000000e   Code   RO         1029    i.__scatterload_copy  mc_w.l(handlers.o)
    0x080072b6   0x00000002   Code   RO         1030    i.__scatterload_null  mc_w.l(handlers.o)
    0x080072b8   0x0000000e   Code   RO         1031    i.__scatterload_zeroinit  mc_w.l(handlers.o)
    0x080072c6   0x00000002   PAD
    0x080072c8   0x00000164   Code   RO          922    i._fp_digits        mc_w.l(printfa.o)
    0x0800742c   0x000006dc   Code   RO          923    i._printf_core      mc_w.l(printfa.o)
    0x08007b08   0x00000024   Code   RO          924    i._printf_post_padding  mc_w.l(printfa.o)
    0x08007b2c   0x0000002e   Code   RO          925    i._printf_pre_padding  mc_w.l(printfa.o)
    0x08007b5a   0x00000025   Data   RO          187    .constdata          usart.o
    0x08007b7f   0x00000001   PAD
    0x08007b80   0x000003c8   Data   RO          290    .constdata          temp_sample.o
    0x08007f48   0x00000100   Data   RO          476    .constdata          os_core.o
    0x08008048   0x00000040   Data   RO         1025    .constdata          mc_w.l(ctype_c.o)
    0x08008088   0x00000020   Data   RO         1027    Region$$Table       anon$$obj.o


    Execution Region RW_IRAM1 (Base: 0x20000000, Size: 0x00003ff8, Max: 0x00005000, ABSOLUTE)

    Base Addr    Size         Type   Attr      Idx    E Section Name        Object

    0x20000000   0x00000004   Data   RW          160    .data               delay.o
    0x20000004   0x0000002a   Data   RW          188    .data               usart.o
    0x2000002e   0x00000002   PAD
    0x20000030   0x00000024   Data   RW          268    .data               pid.o
    0x20000054   0x00000028   Data   RW          312    .data               tempcontrol.o
    0x2000007c   0x00000014   Data   RW          371    .data               system_stm32f10x.o
    0x20000090   0x00000014   Data   RW          413    .data               stm32f10x_rcc.o
    0x200000a4   0x0000004c   Data   RW          477    .data               os_core.o
    0x200000f0   0x00000068   Zero   RW          186    .bss                usart.o
    0x20000158   0x00000044   Zero   RW          267    .bss                pid.o
    0x2000019c   0x00000400   Zero   RW          330    .bss                stmflash.o
    0x2000059c   0x00001858   Zero   RW          475    .bss                os_core.o
    0x20001df4   0x00001200   Zero   RW          618    .bss                task.o
    0x20002ff4   0x00000004   PAD
    0x20002ff8   0x00001000   Zero   RW          347    STACK               startup_stm32f10x_hd.o


==============================================================================

Image component sizes


      Code (inc. data)   RO Data    RW Data    ZI Data      Debug   Object Name

       520         14          0          0          0       1745   act.o
       228         14          0          4          0       1175   delay.o
        52          6          0          0          0        475   led.o
        44          8          0          0          0     278555   main.o
       220         22          0          0          0       1777   misc.o
      2508        250        256         76       6232      16257   os_core.o
       164         32          0          0          0        320   os_cpu_a.o
       248          4          0          0          0      11832   os_cpu_c.o
      2164         44          0          0          0       6940   os_flag.o
       600         16          0          0          0       3316   os_mem.o
      1616         36          0          0          0       5741   os_q.o
      2288         82          0          0          0       8244   os_task.o
       468         28          0          0          0       1818   os_time.o
      1164        102          0         36         68       4699   pid.o
       436         14          0          0          0       1444   product.o
        36          8        304          0       4096        812   startup_stm32f10x_hd.o
      1102         26          0          0          0      10809   stm32f10x_adc.o
      1468         34          0          0          0       8006   stm32f10x_flash.o
       860         38          0          0          0       5621   stm32f10x_gpio.o
        60          4          0          0          0       1211   stm32f10x_it.o
       932         36          0         20          0       8776   stm32f10x_rcc.o
      3610         88          0          0          0      22104   stm32f10x_tim.o
      1032         22          0          0          0       8344   stm32f10x_usart.o
       364          8          0          0       1024       3028   stmflash.o
        96         14          0          0          0       1304   switch.o
       480         38          0         20          0       1755   system_stm32f10x.o
       176         16          0          0       4608       1972   task.o
       640        114        968          0          0       2591   temp_sample.o
       252          8          0          0          0       1087   tempcollecte.o
       376         94          0         40          0       1911   tempcontrol.o
       976         72         37         42        104       5229   usart.o

    ----------------------------------------------------------------------
     25184       1292       1598        240      16136     428898   Object Totals
         0          0         32          0          0          0   (incl. Generated)
         4          0          1          2          4          0   (incl. Padding)

    ----------------------------------------------------------------------

      Code (inc. data)   RO Data    RW Data    ZI Data      Debug   Library Member Name

        56          8          0          0          0         84   __0sscanf.o
        28          0          0          0          0         68   _chval.o
       812          4          0          0          0        112   _scanf.o
       332          0          0          0          0         96   _scanf_int.o
       224          0          0          0          0         96   _scanf_str.o
        64          0          0          0          0         84   _sgetc.o
        40          6         64          0          0         68   ctype_c.o
         0          0          0          0          0          0   entry.o
         0          0          0          0          0          0   entry10a.o
         0          0          0          0          0          0   entry11a.o
         8          4          0          0          0          0   entry2.o
         4          0          0          0          0          0   entry5.o
         0          0          0          0          0          0   entry7b.o
         0          0          0          0          0          0   entry8b.o
         8          4          0          0          0          0   entry9a.o
        30          0          0          0          0          0   handlers.o
        36          8          0          0          0         68   init.o
        10          0          0          0          0         68   isspace_c.o
         0          0          0          0          0          0   iusefp.o
        30          0          0          0          0         68   llshl.o
        36          0          0          0          0         68   llsshr.o
        32          0          0          0          0         68   llushr.o
        36          0          0          0          0        108   memseta.o
      2226         90          0          0          0        444   printfa.o
        40          8          0          0          0         84   scanf_char.o
        36          0          0          0          0         80   strstr.o
        44          0          0          0          0         80   uidiv.o
        98          0          0          0          0         92   uldiv.o
        48          0          0          0          0         68   cdrcmple.o
        20          0          0          0          0         68   cfcmple.o
        20          0          0          0          0         68   cfrcmple.o
        56          0          0          0          0         88   d2f.o
       334          0          0          0          0        148   dadd.o
       222          0          0          0          0        100   ddiv.o
       186          0          0          0          0        176   depilogue.o
        48          0          0          0          0         68   dfixul.o
        26          0          0          0          0         76   dfltui.o
       228          0          0          0          0         96   dmul.o
        38          0          0          0          0         68   f2d.o
       176          0          0          0          0        140   fadd.o
       124          0          0          0          0         88   fdiv.o
       110          0          0          0          0        168   fepilogue.o
        50          0          0          0          0         68   ffixi.o
        40          0          0          0          0         68   ffixui.o
        18          0          0          0          0         68   fflti.o
        10          0          0          0          0         68   ffltui.o
       100          0          0          0          0         76   fmul.o

    ----------------------------------------------------------------------
      6090        132         64          0          0       3604   Library Totals
         6          0          0          0          0          0   (incl. Padding)

    ----------------------------------------------------------------------

      Code (inc. data)   RO Data    RW Data    ZI Data      Debug   Library Name

      4230        132         64          0          0       1836   mc_w.l
      1854          0          0          0          0       1768   mf_w.l

    ----------------------------------------------------------------------
      6090        132         64          0          0       3604   Library Totals

    ----------------------------------------------------------------------

==============================================================================


      Code (inc. data)   RO Data    RW Data    ZI Data      Debug   

     31274       1424       1662        240      16136     427974   Grand Totals
     31274       1424       1662        240      16136     427974   ELF Image Totals
     31274       1424       1662        240          0          0   ROM Totals

==============================================================================

    Total RO  Size (Code + RO Data)                32936 (  32.16kB)
    Total RW  Size (RW Data + ZI Data)             16376 (  15.99kB)
    Total ROM Size (Code + RO Data + RW Data)      33176 (  32.40kB)

==============================================================================

