Component: ARM Compiler 5.06 update 4 (build 422) Tool: armlink [4d35d2]

==============================================================================

Section Cross References

    main.o(.text) refers to os_core.o(.text) for OSInit
    main.o(.text) refers to product.o(.text) for ProductInit
    main.o(.text) refers to delay.o(.text) for delay_init
    main.o(.text) refers to os_task.o(.text) for OSTaskCreate
    main.o(.text) refers to task.o(.bss) for TASK_START_STK
    main.o(.text) refers to task.o(.text) for TaskStart
    delay.o(.text) refers to os_time.o(.text) for OSTimeDly
    delay.o(.text) refers to delay.o(.data) for fac_us
    delay.o(.text) refers to os_core.o(.data) for OSRunning
    sys.o(.text) refers to misc.o(.text) for NVIC_PriorityGroupConfig
    usart.o(.text) refers to _scanf_int.o(.text) for _scanf_int
    usart.o(.text) refers to _scanf_str.o(.text) for _scanf_string
    usart.o(.text) refers to stm32f10x_usart.o(.text) for USART_GetFlagStatus
    usart.o(.text) refers to memseta.o(.text) for __aeabi_memclr4
    usart.o(.text) refers to act.o(.text) for ReadOneTemp
    usart.o(.text) refers to os_sem.o(.text) for OSSemPost
    usart.o(.text) refers to __0sscanf.o(.text) for __0sscanf
    usart.o(.text) refers to strstr.o(.text) for strstr
    usart.o(.text) refers to memcpya.o(.text) for __aeabi_memcpy4
    usart.o(.text) refers to usart.o(.bss) for Uart_Buff
    usart.o(.text) refers to usart.o(.data) for RQRecieve_num
    usart.o(.text) refers to usart.o(.constdata) for month_names
    led.o(.text) refers to stm32f10x_rcc.o(.text) for RCC_APB2PeriphClockCmd
    led.o(.text) refers to stm32f10x_gpio.o(.text) for GPIO_Init
    switch.o(.text) refers to stm32f10x_rcc.o(.text) for RCC_APB2PeriphClockCmd
    switch.o(.text) refers to stm32f10x_gpio.o(.text) for GPIO_Init
    switch.o(.text) refers to os_time.o(.text) for OSTimeDlyHMSM
    switch.o(.text) refers to pid.o(.data) for heat_ch1_duty
    tempcollecte.o(.text) refers to stm32f10x_rcc.o(.text) for RCC_APB2PeriphClockCmd
    tempcollecte.o(.text) refers to stm32f10x_gpio.o(.text) for GPIO_Init
    tempcollecte.o(.text) refers to stm32f10x_adc.o(.text) for ADC_DeInit
    tempcollecte.o(.text) refers to delay.o(.text) for delay_ms
    pid.o(.text) refers to memseta.o(.text) for __aeabi_memclr4
    pid.o(.text) refers to fadd.o(.text) for __aeabi_fsub
    pid.o(.text) refers to f2d.o(.text) for __aeabi_f2d
    pid.o(.text) refers to fflti.o(.text) for __aeabi_i2f
    pid.o(.text) refers to cfrcmple.o(.text) for __aeabi_cfrcmple
    pid.o(.text) refers to fmul.o(.text) for __aeabi_fmul
    pid.o(.text) refers to fdiv.o(.text) for __aeabi_fdiv
    pid.o(.text) refers to cfcmple.o(.text) for __aeabi_cfcmple
    pid.o(.text) refers to dmul.o(.text) for __aeabi_dmul
    pid.o(.text) refers to ddiv.o(.text) for __aeabi_ddiv
    pid.o(.text) refers to d2f.o(.text) for __aeabi_d2f
    pid.o(.text) refers to dfltui.o(.text) for __aeabi_ui2d
    pid.o(.text) refers to ffixui.o(.text) for __aeabi_f2uiz
    pid.o(.text) refers to switch.o(.text) for heat_Chx_on
    pid.o(.text) refers to ffltui.o(.text) for __aeabi_ui2f
    pid.o(.text) refers to pid.o(.data) for ArrayErr
    temp_sample.o(.text) refers to cfcmple.o(.text) for __aeabi_cfcmpeq
    temp_sample.o(.text) refers to fadd.o(.text) for __aeabi_fsub
    temp_sample.o(.text) refers to fdiv.o(.text) for __aeabi_fdiv
    temp_sample.o(.text) refers to fmul.o(.text) for __aeabi_fmul
    temp_sample.o(.text) refers to cfrcmple.o(.text) for __aeabi_cfrcmple
    temp_sample.o(.text) refers to ffltui.o(.text) for __aeabi_ui2f
    temp_sample.o(.text) refers to ffixi.o(.text) for __aeabi_f2iz
    temp_sample.o(.text) refers to fflti.o(.text) for __aeabi_i2f
    temp_sample.o(.text) refers to printf1.o(i.__0printf$1) for __2printf
    temp_sample.o(.text) refers to f2d.o(.text) for __aeabi_f2d
    temp_sample.o(.text) refers to dadd.o(.text) for __aeabi_drsub
    temp_sample.o(.text) refers to dmul.o(.text) for __aeabi_dmul
    temp_sample.o(.text) refers to ddiv.o(.text) for __aeabi_ddiv
    temp_sample.o(.text) refers to d2f.o(.text) for __aeabi_d2f
    temp_sample.o(.text) refers to temp_sample.o(.constdata) for RT_TABLE
    tempcontrol.o(.text) refers to pid.o(.text) for pid_inittuningstru
    tempcontrol.o(.text) refers to fadd.o(.text) for __aeabi_fadd
    tempcontrol.o(.text) refers to tempcollecte.o(.text) for Get_Adc_Average
    tempcontrol.o(.text) refers to temp_sample.o(.text) for wash_sampling_adtotemp
    tempcontrol.o(.text) refers to stm32f10x_tim.o(.text) for TIM_Cmd
    tempcontrol.o(.text) refers to pid.o(.bss) for reac_tunning
    tempcontrol.o(.text) refers to usart.o(.bss) for tempUpperCtrlPara
    tempcontrol.o(.text) refers to tempcontrol.o(.data) for washdsttempofmach
    tempcontrol.o(.text) refers to pid.o(.data) for heat_ch1_duty
    stmflash.o(.text) refers to stm32f10x_flash.o(.text) for FLASH_ProgramHalfWord
[...]
    .ARM.Collect$$$$0000000A                 0x08000138   Section        0  entry8b.o(.ARM.Collect$$$$0000000A)
    .ARM.Collect$$$$0000000B                 0x08000138   Section        8  entry9a.o(.ARM.Collect$$$$0000000B)
    .ARM.Collect$$$$0000000D                 0x08000140   Section        0  entry10a.o(.ARM.Collect$$$$0000000D)
    .ARM.Collect$$$$0000000F                 0x08000140   Section        0  entry11a.o(.ARM.Collect$$$$0000000F)
    .ARM.Collect$$$$00002712                 0x08000140   Section        4  entry2.o(.ARM.Collect$$$$00002712)
    __lit__00000000                          0x08000140   Data           4  entry2.o(.ARM.Collect$$$$00002712)
    .text                                    0x08000144   Section        0  main.o(.text)
    .text                                    0x08000170   Section        0  delay.o(.text)
    .text                                    0x08000254   Section        0  usart.o(.text)
    .text                                    0x080007a4   Section        0  led.o(.text)
    .text                                    0x080007d8   Section        0  switch.o(.text)
    .text                                    0x08000838   Section        0  tempcollecte.o(.text)
    .text                                    0x08000934   Section        0  pid.o(.text)
    pid_para                                 0x08000a8b   Thumb Code   160  pid.o(.text)
    .text                                    0x08000d3c   Section        0  temp_sample.o(.text)
    .text                                    0x08000f58   Section        0  tempcontrol.o(.text)
    .text                                    0x08001074   Section        0  stmflash.o(.text)
    .text                                    0x080011e0   Section       36  startup_stm32f10x_hd.o(.text)
    .text                                    0x08001204   Section        0  stm32f10x_it.o(.text)
    .text                                    0x08001240   Section        0  system_stm32f10x.o(.text)
    SetSysClockTo72                          0x08001241   Thumb Code   214  system_stm32f10x.o(.text)
    SetSysClock                              0x08001317   Thumb Code     8  system_stm32f10x.o(.text)
    .text                                    0x08001420   Section        0  misc.o(.text)
    .text                                    0x080014fc   Section        0  stm32f10x_gpio.o(.text)
    .text                                    0x08001858   Section        0  stm32f10x_rcc.o(.text)
    .text                                    0x08001bfc   Section        0  stm32f10x_tim.o(.text)
    TI4_Config                               0x080020a3   Thumb Code   130  stm32f10x_tim.o(.text)
    TI3_Config                               0x08002137   Thumb Code   122  stm32f10x_tim.o(.text)
    TI2_Config                               0x080021cb   Thumb Code   130  stm32f10x_tim.o(.text)
    TI1_Config                               0x0800225f   Thumb Code   108  stm32f10x_tim.o(.text)
    .text                                    0x08002a18   Section        0  stm32f10x_usart.o(.text)
    .text                                    0x08002e20   Section        0  stm32f10x_adc.o(.text)
    .text                                    0x08003270   Section        0  stm32f10x_flash.o(.text)
    .text                                    0x0800382c   Section        0  os_core.o(.text)
    OS_InitTaskStat                          0x080039e5   Thumb Code    54  os_core.o(.text)
    OS_InitTaskIdle                          0x08003a3d   Thumb Code    54  os_core.o(.text)
    OS_InitEventList                         0x08003a85   Thumb Code    82  os_core.o(.text)
    OS_InitTCBList                           0x08003ad7   Thumb Code   104  os_core.o(.text)
    OS_InitRdyList                           0x08003b3f   Thumb Code    44  os_core.o(.text)
    OS_InitMisc                              0x08003b6b   Thumb Code    48  os_core.o(.text)
    OS_SchedNew                              0x08003be7   Thumb Code    26  os_core.o(.text)
    .text                                    0x080041f8   Section        0  os_flag.o(.text)
    OS_FlagTaskRdy                           0x08004379   Thumb Code    88  os_flag.o(.text)
    OS_FlagBlock                             0x08004569   Thumb Code   152  os_flag.o(.text)
    .text                                    0x08004a6c   Section        0  os_mem.o(.text)
    .text                                    0x08004cc4   Section        0  os_q.o(.text)
    .text                                    0x08005314   Section        0  os_sem.o(.text)
    .text                                    0x080056ec   Section        0  os_task.o(.text)
    .text                                    0x08005fdc   Section        0  os_time.o(.text)
    .text                                    0x080061b0   Section      164  os_cpu_a.o(.text)
    .text                                    0x08006254   Section        0  os_cpu_c.o(.text)
    .text                                    0x0800634c   Section        0  product.o(.text)
    .text                                    0x08006500   Section        0  task.o(.text)
    .text                                    0x080065c0   Section        0  act.o(.text)
    .text                                    0x0800686c   Section        0  memcpya.o(.text)
    .text                                    0x08006890   Section        0  memseta.o(.text)
    .text                                    0x080068b4   Section        0  strstr.o(.text)
    .text                                    0x080068d8   Section        0  __0sscanf.o(.text)
    .text                                    0x08006910   Section        0  _scanf_int.o(.text)
    .text                                    0x08006a5c   Section        0  _scanf_str.o(.text)
    .text                                    0x08006b3c   Section        0  fadd.o(.text)
    .text                                    0x08006bec   Section        0  fmul.o(.text)
    .text                                    0x08006c50   Section        0  fdiv.o(.text)
    .text                                    0x08006ccc   Section        0  dadd.o(.text)
    .text                                    0x08006e1a   Section        0  dmul.o(.text)
    .text                                    0x08006efe   Section        0  ddiv.o(.text)
    .text                                    0x08006fdc   Section        0  fflti.o(.text)
    .text                                    0x08006fee   Section        0  ffltui.o(.text)
    .text                                    0x08006ff8   Section        0  dflti.o(.text)
    .text                                    0x0800701a   Section        0  dfltui.o(.text)
    .text                                    0x08007034   Section        0  ffixi.o(.text)
    .text                                    0x08007066   Section        0  ffixui.o(.text)
    .text                                    0x0800708e   Section        0  f2d.o(.text)
    .text                                    0x080070b4   Section        0  d2f.o(.text)
    .text                                    0x080070ec   Section       20  cfcmple.o(.text)
    .text                                    0x08007100   Section       20  cfrcmple.o(.text)
    .text                                    0x08007114   Section        0  uidiv.o(.text)
    .text                                    0x08007140   Section        0  llshl.o(.text)
    .text                                    0x0800715e   Section        0  llsshr.o(.text)
    .text                                    0x08007182   Section        0  _chval.o(.text)
    .text                                    0x080071a0   Section        0  scanf_char.o(.text)
    _scanf_char_input                        0x080071a1   Thumb Code    12  scanf_char.o(.text)
    .text                                    0x080071c8   Section        0  _sgetc.o(.text)
    .text                                    0x08007208   Section        0  iusefp.o(.text)
    .text                                    0x08007208   Section        0  fepilogue.o(.text)
    .text                                    0x08007276   Section        0  depilogue.o(.text)
    .text                                    0x08007330   Section       36  init.o(.text)
    .text                                    0x08007354   Section        0  llushr.o(.text)
    .text                                    0x08007374   Section        0  isspace_c.o(.text)
    .text                                    0x08007380   Section        0  _scanf.o(.text)
    .text                                    0x080076ac   Section        0  ctype_c.o(.text)
    i.__0printf$1                            0x080076d4   Section        0  printf1.o(i.__0printf$1)
    i.__scatterload_copy                     0x080076f4   Section       14  handlers.o(i.__scatterload_copy)
    i.__scatterload_null                     0x08007702   Section        2  handlers.o(i.__scatterload_null)
    i.__scatterload_zeroinit                 0x08007704   Section       14  handlers.o(i.__scatterload_zeroinit)
    i._printf_core                           0x08007714   Section        0  printf1.o(i._printf_core)
    _printf_core                             0x08007715   Thumb Code   336  printf1.o(i._printf_core)
    .constdata                               0x08007868   Section       36  usart.o(.constdata)
    month_names                              0x08007868   Data          36  usart.o(.constdata)
    .constdata                               0x0800788c   Section      968  temp_sample.o(.constdata)
    .constdata                               0x08007c54   Section      256  os_core.o(.constdata)
    .constdata                               0x08007d54   Section       64  ctype_c.o(.constdata)
    .data                                    0x20000000   Section        4  delay.o(.data)
    fac_us                                   0x20000000   Data           1  delay.o(.data)
    fac_ms                                   0x20000002   Data           2  delay.o(.data)
    .data                                    0x20000004   Section       48  usart.o(.data)
    .data                                    0x20000034   Section       36  pid.o(.data)
    .data                                    0x20000058   Section       40  tempcontrol.o(.data)
    .data                                    0x20000080   Section       20  system_stm32f10x.o(.data)
    .data                                    0x20000094   Section       20  stm32f10x_rcc.o(.data)
    APBAHBPrescTable                         0x20000094   Data          16  stm32f10x_rcc.o(.data)
    ADCPrescTable                            0x200000a4   Data           4  stm32f10x_rcc.o(.data)
    .data                                    0x200000a8   Section       76  os_core.o(.data)
    .bss                                     0x200000f4   Section      170  usart.o(.bss)
    .bss                                     0x200001a0   Section       68  pid.o(.bss)
    .bss                                     0x200001e4   Section     1024  stmflash.o(.bss)
    .bss                                     0x200005e4   Section     6232  os_core.o(.bss)
    .bss                                     0x20001e3c   Section     5376  task.o(.bss)
    STACK                                    0x20003340   Section     4096  startup_stm32f10x_hd.o(STACK)

    Global Symbols

    Symbol Name                              Value     Ov Type        Size  Object(Section)

    BuildAttributes$$THM_ISAv4$P$D$K$B$S$PE$A:L22UL41UL21$X:L11$S22US41US21$IEEE1$IW$USESV6$~STKCKD$USESV7$~SHL$OTIME$ROPI$IEEEJ$EBA8$MICROLIB$REQ8$PRES8$EABIv2 0x00000000   Number         0  anon$$obj.o ABSOLUTE
    __ARM_use_no_argv                        0x00000000   Number         0  main.o ABSOLUTE
    __use_no_errno                           0x00000000   Number         0  useno.o ABSOLUTE
    __use_no_exception_handling              0x00000000   Number         0  useno.o ABSOLUTE
    __use_no_fp                              0x00000000   Number         0  useno.o ABSOLUTE
    __use_no_heap                            0x00000000   Number         0  useno.o ABSOLUTE
    __use_no_heap_region                     0x00000000   Number         0  useno.o ABSOLUTE
    __use_no_semihosting                     0x00000000   Number         0  useno.o ABSOLUTE
    __use_no_semihosting_swi                 0x00000000   Number         0  useno.o ABSOLUTE
    __use_no_signal_handling                 0x00000000   Number         0  useno.o ABSOLUTE
    _printf_a                                0x00000000   Number         0  stubs.o ABSOLUTE
    _printf_c                                0x00000000   Number         0  stubs.o ABSOLUTE
    _printf_charcount                        0x00000000   Number         0  stubs.o ABSOLUTE
    _printf_d                                0x00000000   Number         0  stubs.o ABSOLUTE
    _printf_e                                0x00000000   Number         0  stubs.o ABSOLUTE
    _printf_f                                0x00000000   Number         0  stubs.o ABSOLUTE
    _printf_flags                            0x00000000   Number         0  stubs.o ABSOLUTE
    _printf_fp_dec                           0x00000000   Number         0  stubs.o ABSOLUTE
    _printf_fp_hex                           0x00000000   Number         0  stubs.o ABSOLUTE
    _printf_g                                0x00000000   Number         0  stubs.o ABSOLUTE
    _printf_i                                0x00000000   Number         0  stubs.o ABSOLUTE
    _printf_int_dec                          0x00000000   Number         0  stubs.o ABSOLUTE
    _printf_l                                0x00000000   Number         0  stubs.o ABSOLUTE
    _printf_lc                               0x00000000   Number         0  stubs.o ABSOLUTE
    _printf_ll                               0x00000000   Number         0  stubs.o ABSOLUTE
    _printf_lld                              0x00000000   Number         0  stubs.o ABSOLUTE
    _printf_lli                              0x00000000   Number         0  stubs.o ABSOLUTE
    _printf_llo                              0x00000000   Number         0  stubs.o ABSOLUTE
    _printf_llu                              0x00000000   Number         0  stubs.o ABSOLUTE
    _printf_llx                              0x00000000   Number         0  stubs.o ABSOLUTE
    _printf_longlong_dec                     0x00000000   Number         0  stubs.o ABSOLUTE
    _printf_longlong_hex                     0x00000000   Number         0  stubs.o ABSOLUTE
    _printf_longlong_oct                     0x00000000   Number         0  stubs.o ABSOLUTE
    _printf_ls                               0x00000000   Number         0  stubs.o ABSOLUTE
    _printf_mbtowc                           0x00000000   Number         0  stubs.o ABSOLUTE
    _printf_n                                0x00000000   Number         0  stubs.o ABSOLUTE
    _printf_o                                0x00000000   Number         0  stubs.o ABSOLUTE
    _printf_p                                0x00000000   Number         0  stubs.o ABSOLUTE
    _printf_percent                          0x00000000   Number         0  stubs.o ABSOLUTE
    _printf_pre_padding                      0x00000000   Number         0  stubs.o ABSOLUTE
    _printf_return_value                     0x00000000   Number         0  stubs.o ABSOLUTE
    _printf_s                                0x00000000   Number         0  stubs.o ABSOLUTE
    _printf_sizespec                         0x00000000   Number         0  stubs.o ABSOLUTE
    _printf_str                              0x00000000   Number         0  stubs.o ABSOLUTE
    _printf_truncate_signed                  0x00000000   Number         0  stubs.o ABSOLUTE
    _printf_truncate_unsigned                0x00000000   Number         0  stubs.o ABSOLUTE
    _printf_u                                0x00000000   Number         0  stubs.o ABSOLUTE
    _printf_wc                               0x00000000   Number         0  stubs.o ABSOLUTE
    _printf_wctomb                           0x00000000   Number         0  stubs.o ABSOLUTE
    _printf_widthprec                        0x00000000   Number         0  stubs.o ABSOLUTE
    _printf_x                                0x00000000   Number         0  stubs.o ABSOLUTE
    __cpp_initialize__aeabi_                  - Undefined Weak Reference
    __cxa_finalize                            - Undefined Weak Reference
    __decompress                              - Undefined Weak Reference
    _clock_init                               - Undefined Weak Reference
    _microlib_exit                            - Undefined Weak Reference
    _scanf_longlong                           - Undefined Weak Reference
    _scanf_real                               - Undefined Weak Reference
    __Vectors_Size                           0x00000130   Number         0  startup_stm32f10x_hd.o ABSOLUTE
    __Vectors                                0x08000000   Data           4  startup_stm32f10x_hd.o(RESET)
    __Vectors_End                            0x08000130   Data           0  startup_stm32f10x_hd.o(RESET)
    __main                                   0x08000131   Thumb Code     0  entry.o(.ARM.Collect$$$$00000000)
    _main_stk                                0x08000131   Thumb Code     0  entry2.o(.ARM.Collect$$$$00000001)
    _main_scatterload                        0x08000135   Thumb Code     0  entry5.o(.ARM.Collect$$$$00000004)
    __main_after_scatterload                 0x08000139   Thumb Code     0  entry5.o(.ARM.Collect$$$$00000004)
    _main_clock                              0x08000139   Thumb Code     0  entry7b.o(.ARM.Collect$$$$00000008)
    _main_cpp_init                           0x08000139   Thumb Code     0  entry8b.o(.ARM.Collect$$$$0000000A)
    _main_init                               0x08000139   Thumb Code     0  entry9a.o(.ARM.Collect$$$$0000000B)
    __rt_final_cpp                           0x08000141   Thumb Code     0  entry10a.o(.ARM.Collect$$$$0000000D)
    __rt_final_exit                          0x08000141   Thumb Code     0  entry11a.o(.ARM.Collect$$$$0000000F)
    main                                     0x08000145   Thumb Code    36  main.o(.text)
    delay_init                               0x08000171   Thumb Code    82  delay.o(.text)
    delay_us                                 0x080001c3   Thumb Code    70  delay.o(.text)
    delay_ms                                 0x08000209   Thumb Code    62  delay.o(.text)
    _sys_exit                                0x08000255   Thumb Code     6  usart.o(.text)
    fputc                                    0x0800025b   Thumb Code    46  usart.o(.text)
    fputc_3                                  0x08000289   Thumb Code    22  usart.o(.text)
    USART4_IRQHandler                        0x0800029f   Thumb Code   118  usart.o(.text)
    FuncTxtOneResponseMsg                    0x08000315   Thumb Code   364  usart.o(.text)
    USART2_IRQHandler                        0x08000481   Thumb Code   348  usart.o(.text)
    Func_GETVERSION                          0x080005dd   Thumb Code   336  usart.o(.text)
    parse_cmd_USART3                         0x0800072d   Thumb Code   104  usart.o(.text)
    LED_Init                                 0x080007a5   Thumb Code    46  led.o(.text)
    switch_Init                              0x080007d9   Thumb Code    46  switch.o(.text)
    heat_Chx_on                              0x08000807   Thumb Code    12  switch.o(.text)
    heat_Chx_off                             0x08000813   Thumb Code     8  switch.o(.text)
    heat_delay1s                             0x0800081b   Thumb Code    18  switch.o(.text)
    Adc_Init                                 0x08000839   Thumb Code   152  tempcollecte.o(.text)
    Get_Adc                                  0x080008d1   Thumb Code    46  tempcollecte.o(.text)
    Get_Adc_Average                          0x080008ff   Thumb Code    46  tempcollecte.o(.text)
    pid_init                                 0x08000935   Thumb Code    38  pid.o(.text)
    pid_inittuningstru                       0x0800095b   Thumb Code    36  pid.o(.text)
    pid_calculate                            0x0800097f   Thumb Code   268  pid.o(.text)
    pid_output                               0x08000b2b   Thumb Code    16  pid.o(.text)
    avoidjitter                              0x08000b3b   Thumb Code    26  pid.o(.text)
    pid_tuning                               0x08000b55   Thumb Code   412  pid.o(.text)
    pid_solo                                 0x08000cf1   Thumb Code    24  pid.o(.text)
    wash_sampling_linearcalc                 0x08000d3d   Thumb Code    94  temp_sample.o(.text)
    wash_sampling_RtoTconvert                0x08000d9b   Thumb Code   158  temp_sample.o(.text)
    ADValueToVoltage                         0x08000e39   Thumb Code    38  temp_sample.o(.text)
    PrintFloat                               0x08000e5f   Thumb Code   106  temp_sample.o(.text)
    wash_sampling_adtotemp                   0x08000ec9   Thumb Code    94  temp_sample.o(.text)
    init_diff                                0x08000f59   Thumb Code    44  tempcontrol.o(.text)
    temp_control                             0x08000f85   Thumb Code    34  tempcontrol.o(.text)
    temp_controlTurning                      0x08000fa7   Thumb Code    64  tempcontrol.o(.text)
    pidSelfTuning                            0x08000fe7   Thumb Code    24  tempcontrol.o(.text)
    TIM2_IRQHandler                          0x08000fff   Thumb Code    86  tempcontrol.o(.text)
    STMFLASH_ReadHalfWord                    0x08001075   Thumb Code     6  stmflash.o(.text)
    STMFLASH_Write_NoCheck                   0x0800107b   Thumb Code    38  stmflash.o(.text)
    STMFLASH_Read                            0x080010a1   Thumb Code    34  stmflash.o(.text)
    STMFLASH_Write                           0x080010c3   Thumb Code   222  stmflash.o(.text)
    Test_Write                               0x080011a1   Thumb Code    16  stmflash.o(.text)
    read_data_from_flash                     0x080011b1   Thumb Code    20  stmflash.o(.text)
    write_data_to_flaash                     0x080011c5   Thumb Code    20  stmflash.o(.text)
    Reset_Handler                            0x080011e1   Thumb Code     8  startup_stm32f10x_hd.o(.text)
    ADC1_2_IRQHandler                        0x080011fb   Thumb Code     0  startup_stm32f10x_hd.o(.text)
    ADC3_IRQHandler                          0x080011fb   Thumb Code     0  startup_stm32f10x_hd.o(.text)
    CAN1_RX1_IRQHandler                      0x080011fb   Thumb Code     0  startup_stm32f10x_hd.o(.text)
    CAN1_SCE_IRQHandler                      0x080011fb   Thumb Code     0  startup_stm32f10x_hd.o(.text)
    DMA1_Channel1_IRQHandler                 0x080011fb   Thumb Code     0  startup_stm32f10x_hd.o(.text)
    DMA1_Channel2_IRQHandler                 0x080011fb   Thumb Code     0  startup_stm32f10x_hd.o(.text)
    DMA1_Channel3_IRQHandler                 0x080011fb   Thumb Code     0  startup_stm32f10x_hd.o(.text)
    DMA1_Channel4_IRQHandler                 0x080011fb   Thumb Code     0  startup_stm32f10x_hd.o(.text)
    DMA1_Channel5_IRQHandler                 0x080011fb   Thumb Code     0  startup_stm32f10x_hd.o(.text)
    DMA1_Channel6_IRQHandler                 0x080011fb   Thumb Code     0  startup_stm32f10x_hd.o(.text)
    DMA1_Channel7_IRQHandler                 0x080011fb   Thumb Code     0  startup_stm32f10x_hd.o(.text)
    DMA2_Channel1_IRQHandler                 0x080011fb   Thumb Code     0  startup_stm32f10x_hd.o(.text)
    DMA2_Channel2_IRQHandler                 0x080011fb   Thumb Code     0  startup_stm32f10x_hd.o(.text)
    DMA2_Channel3_IRQHandler                 0x080011fb   Thumb Code     0  startup_stm32f10x_hd.o(.text)
    DMA2_Channel4_5_IRQHandler               0x080011fb   Thumb Code     0  startup_stm32f10x_hd.o(.text)
    EXTI0_IRQHandler                         0x080011fb   Thumb Code     0  startup_stm32f10x_hd.o(.text)
    EXTI15_10_IRQHandler                     0x080011fb   Thumb Code     0  startup_stm32f10x_hd.o(.text)
    EXTI1_IRQHandler                         0x080011fb   Thumb Code     0  startup_stm32f10x_hd.o(.text)
    EXTI2_IRQHandler                         0x080011fb   Thumb Code     0  startup_stm32f10x_hd.o(.text)
    EXTI3_IRQHandler                         0x080011fb   Thumb Code     0  startup_stm32f10x_hd.o(.text)
    EXTI4_IRQHandler                         0x080011fb   Thumb Code     0  startup_stm32f10x_hd.o(.text)
    EXTI9_5_IRQHandler                       0x080011fb   Thumb Code     0  startup_stm32f10x_hd.o(.text)
    FLASH_IRQHandler                         0x080011fb   Thumb Code     0  startup_stm32f10x_hd.o(.text)
    FSMC_IRQHandler                          0x080011fb   Thumb Code     0  startup_stm32f10x_hd.o(.text)
    I2C1_ER_IRQHandler                       0x080011fb   Thumb Code     0  startup_stm32f10x_hd.o(.text)
    I2C1_EV_IRQHandler                       0x080011fb   Thumb Code     0  startup_stm32f10x_hd.o(.text)
    I2C2_ER_IRQHandler                       0x080011fb   Thumb Code     0  startup_stm32f10x_hd.o(.text)
    I2C2_EV_IRQHandler                       0x080011fb   Thumb Code     0  startup_stm32f10x_hd.o(.text)
    PVD_IRQHandler                           0x080011fb   Thumb Code     0  startup_stm32f10x_hd.o(.text)
    RCC_IRQHandler                           0x080011fb   Thumb Code     0  startup_stm32f10x_hd.o(.text)
    RTCAlarm_IRQHandler                      0x080011fb   Thumb Code     0  startup_stm32f10x_hd.o(.text)
    RTC_IRQHandler                           0x080011fb   Thumb Code     0  startup_stm32f10x_hd.o(.text)
    SDIO_IRQHandler                          0x080011fb   Thumb Code     0  startup_stm32f10x_hd.o(.text)
    SPI1_IRQHandler                          0x080011fb   Thumb Code     0  startup_stm32f10x_hd.o(.text)
    SPI2_IRQHandler                          0x080011fb   Thumb Code     0  startup_stm32f10x_hd.o(.text)
    SPI3_IRQHandler                          0x080011fb   Thumb Code     0  startup_stm32f10x_hd.o(.text)
    TAMPER_IRQHandler                        0x080011fb   Thumb Code     0  startup_stm32f10x_hd.o(.text)
    TIM1_BRK_IRQHandler                      0x080011fb   Thumb Code     0  startup_stm32f10x_hd.o(.text)
    TIM1_CC_IRQHandler                       0x080011fb   Thumb Code     0  startup_stm32f10x_hd.o(.text)
    TIM1_TRG_COM_IRQHandler                  0x080011fb   Thumb Code     0  startup_stm32f10x_hd.o(.text)
    TIM1_UP_IRQHandler                       0x080011fb   Thumb Code     0  startup_stm32f10x_hd.o(.text)
    TIM3_IRQHandler                          0x080011fb   Thumb Code     0  startup_stm32f10x_hd.o(.text)
    TIM4_IRQHandler                          0x080011fb   Thumb Code     0  startup_stm32f10x_hd.o(.text)
    TIM5_IRQHandler                          0x080011fb   Thumb Code     0  startup_stm32f10x_hd.o(.text)
    TIM6_IRQHandler                          0x080011fb   Thumb Code     0  startup_stm32f10x_hd.o(.text)
    TIM7_IRQHandler                          0x080011fb   Thumb Code     0  startup_stm32f10x_hd.o(.text)
    TIM8_BRK_IRQHandler                      0x080011fb   Thumb Code     0  startup_stm32f10x_hd.o(.text)
    TIM8_CC_IRQHandler                       0x080011fb   Thumb Code     0  startup_stm32f10x_hd.o(.text)
    TIM8_TRG_COM_IRQHandler                  0x080011fb   Thumb Code     0  startup_stm32f10x_hd.o(.text)
    TIM8_UP_IRQHandler                       0x080011fb   Thumb Code     0  startup_stm32f10x_hd.o(.text)
    UART4_IRQHandler                         0x080011fb   Thumb Code     0  startup_stm32f10x_hd.o(.text)
    UART5_IRQHandler                         0x080011fb   Thumb Code     0  startup_stm32f10x_hd.o(.text)
    USART1_IRQHandler                        0x080011fb   Thumb Code     0  startup_stm32f10x_hd.o(.text)
    USART3_IRQHandler                        0x080011fb   Thumb Code     0  startup_stm32f10x_hd.o(.text)
    USBWakeUp_IRQHandler                     0x080011fb   Thumb Code     0  startup_stm32f10x_hd.o(.text)
    USB_HP_CAN1_TX_IRQHandler                0x080011fb   Thumb Code     0  startup_stm32f10x_hd.o(.text)
    USB_LP_CAN1_RX0_IRQHandler               0x080011fb   Thumb Code     0  startup_stm32f10x_hd.o(.text)
    WWDG_IRQHandler                          0x080011fb   Thumb Code     0  startup_stm32f10x_hd.o(.text)
    NMI_Handler                              0x08001205   Thumb Code     2  stm32f10x_it.o(.text)
    HardFault_Handler                        0x08001207   Thumb Code     4  stm32f10x_it.o(.text)
    MemManage_Handler                        0x0800120b   Thumb Code     4  stm32f10x_it.o(.text)
    BusFault_Handler                         0x0800120f   Thumb Code     4  stm32f10x_it.o(.text)
    UsageFault_Handler                       0x08001213   Thumb Code     4  stm32f10x_it.o(.text)
    SVC_Handler                              0x08001217   Thumb Code     2  stm32f10x_it.o(.text)
    DebugMon_Handler                         0x08001219   Thumb Code     2  stm32f10x_it.o(.text)
    SysTick_Handler                          0x0800121b   Thumb Code    34  stm32f10x_it.o(.text)
    SystemInit                               0x0800131f   Thumb Code    78  system_stm32f10x.o(.text)
    SystemCoreClockUpdate                    0x0800136d   Thumb Code   142  system_stm32f10x.o(.text)
    NVIC_PriorityGroupConfig                 0x08001421   Thumb Code    10  misc.o(.text)
    NVIC_Init                                0x0800142b   Thumb Code   100  misc.o(.text)
    NVIC_SetVectorTable                      0x0800148f   Thumb Code    14  misc.o(.text)
    NVIC_SystemLPConfig                      0x0800149d   Thumb Code    34  misc.o(.text)
    SysTick_CLKSourceConfig                  0x080014bf   Thumb Code    40  misc.o(.text)
    GPIO_DeInit                              0x080014fd   Thumb Code   172  stm32f10x_gpio.o(.text)
    GPIO_AFIODeInit                          0x080015a9   Thumb Code    20  stm32f10x_gpio.o(.text)
    GPIO_Init                                0x080015bd   Thumb Code   278  stm32f10x_gpio.o(.text)
    GPIO_StructInit                          0x080016d3   Thumb Code    16  stm32f10x_gpio.o(.text)
    GPIO_ReadInputDataBit                    0x080016e3   Thumb Code    18  stm32f10x_gpio.o(.text)
    GPIO_ReadInputData                       0x080016f5   Thumb Code     8  stm32f10x_gpio.o(.text)
    GPIO_ReadOutputDataBit                   0x080016fd   Thumb Code    18  stm32f10x_gpio.o(.text)
    GPIO_ReadOutputData                      0x0800170f   Thumb Code     8  stm32f10x_gpio.o(.text)
    GPIO_SetBits                             0x08001717   Thumb Code     4  stm32f10x_gpio.o(.text)
    GPIO_ResetBits                           0x0800171b   Thumb Code     4  stm32f10x_gpio.o(.text)
    GPIO_WriteBit                            0x0800171f   Thumb Code    10  stm32f10x_gpio.o(.text)
    GPIO_Write                               0x08001729   Thumb Code     4  stm32f10x_gpio.o(.text)
    GPIO_PinLockConfig                       0x0800172d   Thumb Code    18  stm32f10x_gpio.o(.text)
    GPIO_EventOutputConfig                   0x0800173f   Thumb Code    26  stm32f10x_gpio.o(.text)
    GPIO_EventOutputCmd                      0x08001759   Thumb Code     6  stm32f10x_gpio.o(.text)
    GPIO_PinRemapConfig                      0x0800175f   Thumb Code   138  stm32f10x_gpio.o(.text)
    GPIO_EXTILineConfig                      0x080017e9   Thumb Code    66  stm32f10x_gpio.o(.text)
    GPIO_ETH_MediaInterfaceConfig            0x0800182b   Thumb Code     8  stm32f10x_gpio.o(.text)
    RCC_DeInit                               0x08001859   Thumb Code    64  stm32f10x_rcc.o(.text)
    RCC_HSEConfig                            0x08001899   Thumb Code    70  stm32f10x_rcc.o(.text)
    RCC_GetFlagStatus                        0x080018df   Thumb Code    56  stm32f10x_rcc.o(.text)
    RCC_WaitForHSEStartUp                    0x08001917   Thumb Code    56  stm32f10x_rcc.o(.text)
    RCC_AdjustHSICalibrationValue            0x0800194f   Thumb Code    20  stm32f10x_rcc.o(.text)
    RCC_HSICmd                               0x08001963   Thumb Code     6  stm32f10x_rcc.o(.text)
    RCC_PLLConfig                            0x08001969   Thumb Code    24  stm32f10x_rcc.o(.text)
    RCC_PLLCmd                               0x08001981   Thumb Code     6  stm32f10x_rcc.o(.text)
    RCC_SYSCLKConfig                         0x08001987   Thumb Code    18  stm32f10x_rcc.o(.text)
    RCC_GetSYSCLKSource                      0x08001999   Thumb Code    10  stm32f10x_rcc.o(.text)
    RCC_HCLKConfig                           0x080019a3   Thumb Code    18  stm32f10x_rcc.o(.text)
    RCC_PCLK1Config                          0x080019b5   Thumb Code    18  stm32f10x_rcc.o(.text)
    RCC_PCLK2Config                          0x080019c7   Thumb Code    20  stm32f10x_rcc.o(.text)
    RCC_ITConfig                             0x080019db   Thumb Code    26  stm32f10x_rcc.o(.text)
    RCC_USBCLKConfig                         0x080019f5   Thumb Code     8  stm32f10x_rcc.o(.text)
    RCC_ADCCLKConfig                         0x080019fd   Thumb Code    18  stm32f10x_rcc.o(.text)
    RCC_LSEConfig                            0x08001a0f   Thumb Code    50  stm32f10x_rcc.o(.text)
    RCC_LSICmd                               0x08001a41   Thumb Code     6  stm32f10x_rcc.o(.text)
    RCC_RTCCLKConfig                         0x08001a47   Thumb Code    12  stm32f10x_rcc.o(.text)
    RCC_RTCCLKCmd                            0x08001a53   Thumb Code     8  stm32f10x_rcc.o(.text)
    RCC_GetClocksFreq                        0x08001a5b   Thumb Code   192  stm32f10x_rcc.o(.text)
    RCC_AHBPeriphClockCmd                    0x08001b1b   Thumb Code    26  stm32f10x_rcc.o(.text)
    RCC_APB2PeriphClockCmd                   0x08001b35   Thumb Code    26  stm32f10x_rcc.o(.text)
    RCC_APB1PeriphClockCmd                   0x08001b4f   Thumb Code    26  stm32f10x_rcc.o(.text)
    RCC_APB2PeriphResetCmd                   0x08001b69   Thumb Code    26  stm32f10x_rcc.o(.text)
    RCC_APB1PeriphResetCmd                   0x08001b83   Thumb Code    26  stm32f10x_rcc.o(.text)
    RCC_BackupResetCmd                       0x08001b9d   Thumb Code     8  stm32f10x_rcc.o(.text)
    RCC_ClockSecuritySystemCmd               0x08001ba5   Thumb Code     6  stm32f10x_rcc.o(.text)
    RCC_MCOConfig                            0x08001bab   Thumb Code     6  stm32f10x_rcc.o(.text)
    RCC_ClearFlag                            0x08001bb1   Thumb Code    14  stm32f10x_rcc.o(.text)
    RCC_GetITStatus                          0x08001bbf   Thumb Code    20  stm32f10x_rcc.o(.text)
    RCC_ClearITPendingBit                    0x08001bd3   Thumb Code     6  stm32f10x_rcc.o(.text)
    TIM_DeInit                               0x08001bfd   Thumb Code   424  stm32f10x_tim.o(.text)
    TIM_TimeBaseInit                         0x08001da5   Thumb Code   122  stm32f10x_tim.o(.text)
    TIM_OC1Init                              0x08001e1f   Thumb Code   132  stm32f10x_tim.o(.text)
    TIM_OC2Init                              0x08001ea3   Thumb Code   154  stm32f10x_tim.o(.text)
    TIM_OC3Init                              0x08001f3d   Thumb Code   150  stm32f10x_tim.o(.text)
    TIM_OC4Init                              0x08001fd3   Thumb Code   182  stm32f10x_tim.o(.text)
    TIM_SetIC4Prescaler                      0x08002089   Thumb Code    26  stm32f10x_tim.o(.text)
    TIM_SetIC3Prescaler                      0x08002125   Thumb Code    18  stm32f10x_tim.o(.text)
    TIM_SetIC2Prescaler                      0x080021b1   Thumb Code    26  stm32f10x_tim.o(.text)
    TIM_SetIC1Prescaler                      0x0800224d   Thumb Code    18  stm32f10x_tim.o(.text)
    TIM_ICInit                               0x080022cb   Thumb Code   150  stm32f10x_tim.o(.text)
    TIM_PWMIConfig                           0x08002361   Thumb Code   124  stm32f10x_tim.o(.text)
    TIM_BDTRConfig                           0x080023dd   Thumb Code    32  stm32f10x_tim.o(.text)
    TIM_TimeBaseStructInit                   0x080023fd   Thumb Code    18  stm32f10x_tim.o(.text)
    TIM_OCStructInit                         0x0800240f   Thumb Code    20  stm32f10x_tim.o(.text)
    TIM_ICStructInit                         0x08002423   Thumb Code    18  stm32f10x_tim.o(.text)
    TIM_BDTRStructInit                       0x08002435   Thumb Code    40  stm32f10x_tim.o(.text)
    TIM_Cmd                                  0x0800245d   Thumb Code    24  stm32f10x_tim.o(.text)
    TIM_CtrlPWMOutputs                       0x08002475   Thumb Code    30  stm32f10x_tim.o(.text)
    TIM_ITConfig                             0x08002493   Thumb Code    18  stm32f10x_tim.o(.text)
    TIM_GenerateEvent                        0x080024a5   Thumb Code     4  stm32f10x_tim.o(.text)
    TIM_DMAConfig                            0x080024a9   Thumb Code    10  stm32f10x_tim.o(.text)
    TIM_DMACmd                               0x080024b3   Thumb Code    18  stm32f10x_tim.o(.text)
    TIM_InternalClockConfig                  0x080024c5   Thumb Code    12  stm32f10x_tim.o(.text)
    TIM_SelectInputTrigger                   0x080024d1   Thumb Code    18  stm32f10x_tim.o(.text)
    TIM_ITRxExternalClockConfig              0x080024e3   Thumb Code    24  stm32f10x_tim.o(.text)
    TIM_TIxExternalClockConfig               0x080024fb   Thumb Code    62  stm32f10x_tim.o(.text)
    TIM_ETRConfig                            0x08002539   Thumb Code    28  stm32f10x_tim.o(.text)
    TIM_ETRClockMode1Config                  0x08002555   Thumb Code    54  stm32f10x_tim.o(.text)
    TIM_ETRClockMode2Config                  0x0800258b   Thumb Code    32  stm32f10x_tim.o(.text)
    TIM_PrescalerConfig                      0x080025ab   Thumb Code     6  stm32f10x_tim.o(.text)
    TIM_CounterModeConfig                    0x080025b1   Thumb Code    18  stm32f10x_tim.o(.text)
    TIM_EncoderInterfaceConfig               0x080025c3   Thumb Code    66  stm32f10x_tim.o(.text)
    TIM_ForcedOC1Config                      0x08002605   Thumb Code    18  stm32f10x_tim.o(.text)
    TIM_ForcedOC2Config                      0x08002617   Thumb Code    26  stm32f10x_tim.o(.text)
    TIM_ForcedOC3Config                      0x08002631   Thumb Code    18  stm32f10x_tim.o(.text)
    TIM_ForcedOC4Config                      0x08002643   Thumb Code    26  stm32f10x_tim.o(.text)
    TIM_ARRPreloadConfig                     0x0800265d   Thumb Code    24  stm32f10x_tim.o(.text)
    TIM_SelectCOM                            0x08002675   Thumb Code    24  stm32f10x_tim.o(.text)
    TIM_SelectCCDMA                          0x0800268d   Thumb Code    24  stm32f10x_tim.o(.text)
    TIM_CCPreloadControl                     0x080026a5   Thumb Code    24  stm32f10x_tim.o(.text)
    TIM_OC1PreloadConfig                     0x080026bd   Thumb Code    18  stm32f10x_tim.o(.text)
    TIM_OC2PreloadConfig                     0x080026cf   Thumb Code    26  stm32f10x_tim.o(.text)
    TIM_OC3PreloadConfig                     0x080026e9   Thumb Code    18  stm32f10x_tim.o(.text)
    TIM_OC4PreloadConfig                     0x080026fb   Thumb Code    26  stm32f10x_tim.o(.text)
    TIM_OC1FastConfig                        0x08002715   Thumb Code    18  stm32f10x_tim.o(.text)
    TIM_OC2FastConfig                        0x08002727   Thumb Code    26  stm32f10x_tim.o(.text)
    TIM_OC3FastConfig                        0x08002741   Thumb Code    18  stm32f10x_tim.o(.text)
    TIM_OC4FastConfig                        0x08002753   Thumb Code    26  stm32f10x_tim.o(.text)
    TIM_ClearOC1Ref                          0x0800276d   Thumb Code    18  stm32f10x_tim.o(.text)
    TIM_ClearOC2Ref                          0x0800277f   Thumb Code    24  stm32f10x_tim.o(.text)
    TIM_ClearOC3Ref                          0x08002797   Thumb Code    18  stm32f10x_tim.o(.text)
    TIM_ClearOC4Ref                          0x080027a9   Thumb Code    24  stm32f10x_tim.o(.text)
    TIM_OC1PolarityConfig                    0x080027c1   Thumb Code    18  stm32f10x_tim.o(.text)
    TIM_OC1NPolarityConfig                   0x080027d3   Thumb Code    18  stm32f10x_tim.o(.text)
    TIM_OC2PolarityConfig                    0x080027e5   Thumb Code    26  stm32f10x_tim.o(.text)
    TIM_OC2NPolarityConfig                   0x080027ff   Thumb Code    26  stm32f10x_tim.o(.text)
    TIM_OC3PolarityConfig                    0x08002819   Thumb Code    26  stm32f10x_tim.o(.text)
    TIM_OC3NPolarityConfig                   0x08002833   Thumb Code    26  stm32f10x_tim.o(.text)
    TIM_OC4PolarityConfig                    0x0800284d   Thumb Code    26  stm32f10x_tim.o(.text)
    TIM_CCxCmd                               0x08002867   Thumb Code    30  stm32f10x_tim.o(.text)
    TIM_CCxNCmd                              0x08002885   Thumb Code    30  stm32f10x_tim.o(.text)
    TIM_SelectOCxM                           0x080028a3   Thumb Code    82  stm32f10x_tim.o(.text)
    TIM_UpdateDisableConfig                  0x080028f5   Thumb Code    24  stm32f10x_tim.o(.text)
    TIM_UpdateRequestConfig                  0x0800290d   Thumb Code    24  stm32f10x_tim.o(.text)
    TIM_SelectHallSensor                     0x08002925   Thumb Code    24  stm32f10x_tim.o(.text)
    TIM_SelectOnePulseMode                   0x0800293d   Thumb Code    18  stm32f10x_tim.o(.text)
    TIM_SelectOutputTrigger                  0x0800294f   Thumb Code    18  stm32f10x_tim.o(.text)
    TIM_SelectSlaveMode                      0x08002961   Thumb Code    18  stm32f10x_tim.o(.text)
    TIM_SelectMasterSlaveMode                0x08002973   Thumb Code    18  stm32f10x_tim.o(.text)
    TIM_SetCounter                           0x08002985   Thumb Code     4  stm32f10x_tim.o(.text)
    TIM_SetAutoreload                        0x08002989   Thumb Code     4  stm32f10x_tim.o(.text)
    TIM_SetCompare1                          0x0800298d   Thumb Code     4  stm32f10x_tim.o(.text)
    TIM_SetCompare2                          0x08002991   Thumb Code     4  stm32f10x_tim.o(.text)
    TIM_SetCompare3                          0x08002995   Thumb Code     4  stm32f10x_tim.o(.text)
    TIM_SetCompare4                          0x08002999   Thumb Code     6  stm32f10x_tim.o(.text)
    TIM_SetClockDivision                     0x0800299f   Thumb Code    18  stm32f10x_tim.o(.text)
    TIM_GetCapture1                          0x080029b1   Thumb Code     6  stm32f10x_tim.o(.text)
    TIM_GetCapture2                          0x080029b7   Thumb Code     6  stm32f10x_tim.o(.text)
    TIM_GetCapture3                          0x080029bd   Thumb Code     6  stm32f10x_tim.o(.text)
    TIM_GetCapture4                          0x080029c3   Thumb Code     8  stm32f10x_tim.o(.text)
    TIM_GetCounter                           0x080029cb   Thumb Code     6  stm32f10x_tim.o(.text)
    TIM_GetPrescaler                         0x080029d1   Thumb Code     6  stm32f10x_tim.o(.text)
    TIM_GetFlagStatus                        0x080029d7   Thumb Code    18  stm32f10x_tim.o(.text)
    TIM_ClearFlag                            0x080029e9   Thumb Code     6  stm32f10x_tim.o(.text)
    TIM_GetITStatus                          0x080029ef   Thumb Code    34  stm32f10x_tim.o(.text)
    TIM_ClearITPendingBit                    0x08002a11   Thumb Code     6  stm32f10x_tim.o(.text)
    USART_DeInit                             0x08002a19   Thumb Code   134  stm32f10x_usart.o(.text)
    USART_Init                               0x08002a9f   Thumb Code   210  stm32f10x_usart.o(.text)
    USART_StructInit                         0x08002b71   Thumb Code    24  stm32f10x_usart.o(.text)
    USART_ClockInit                          0x08002b89   Thumb Code    34  stm32f10x_usart.o(.text)
    USART_ClockStructInit                    0x08002bab   Thumb Code    12  stm32f10x_usart.o(.text)
    USART_Cmd                                0x08002bb7   Thumb Code    24  stm32f10x_usart.o(.text)
    USART_ITConfig                           0x08002bcf   Thumb Code    74  stm32f10x_usart.o(.text)
    USART_DMACmd                             0x08002c19   Thumb Code    18  stm32f10x_usart.o(.text)
    USART_SetAddress                         0x08002c2b   Thumb Code    18  stm32f10x_usart.o(.text)
    USART_WakeUpConfig                       0x08002c3d   Thumb Code    18  stm32f10x_usart.o(.text)
    USART_ReceiverWakeUpCmd                  0x08002c4f   Thumb Code    24  stm32f10x_usart.o(.text)
    USART_LINBreakDetectLengthConfig         0x08002c67   Thumb Code    18  stm32f10x_usart.o(.text)
    USART_LINCmd                             0x08002c79   Thumb Code    24  stm32f10x_usart.o(.text)
    USART_SendData                           0x08002c91   Thumb Code     8  stm32f10x_usart.o(.text)
    USART_ReceiveData                        0x08002c99   Thumb Code    10  stm32f10x_usart.o(.text)
    USART_SendBreak                          0x08002ca3   Thumb Code    10  stm32f10x_usart.o(.text)
    USART_SetGuardTime                       0x08002cad   Thumb Code    16  stm32f10x_usart.o(.text)
    USART_SetPrescaler                       0x08002cbd   Thumb Code    16  stm32f10x_usart.o(.text)
    USART_SmartCardCmd                       0x08002ccd   Thumb Code    24  stm32f10x_usart.o(.text)
    USART_SmartCardNACKCmd                   0x08002ce5   Thumb Code    24  stm32f10x_usart.o(.text)
    USART_HalfDuplexCmd                      0x08002cfd   Thumb Code    24  stm32f10x_usart.o(.text)
    USART_OverSampling8Cmd                   0x08002d15   Thumb Code    22  stm32f10x_usart.o(.text)
    USART_OneBitMethodCmd                    0x08002d2b   Thumb Code    24  stm32f10x_usart.o(.text)
    USART_IrDAConfig                         0x08002d43   Thumb Code    18  stm32f10x_usart.o(.text)
    USART_IrDACmd                            0x08002d55   Thumb Code    24  stm32f10x_usart.o(.text)
    USART_GetFlagStatus                      0x08002d6d   Thumb Code    26  stm32f10x_usart.o(.text)
    USART_ClearFlag                          0x08002d87   Thumb Code    18  stm32f10x_usart.o(.text)
    USART_GetITStatus                        0x08002d99   Thumb Code    84  stm32f10x_usart.o(.text)
    USART_ClearITPendingBit                  0x08002ded   Thumb Code    52  stm32f10x_usart.o(.text)
    ADC_DeInit                               0x08002e21   Thumb Code    78  stm32f10x_adc.o(.text)
    ADC_Init                                 0x08002e6f   Thumb Code    70  stm32f10x_adc.o(.text)
    ADC_StructInit                           0x08002eb5   Thumb Code    18  stm32f10x_adc.o(.text)
    ADC_Cmd                                  0x08002ec7   Thumb Code    22  stm32f10x_adc.o(.text)
    ADC_DMACmd                               0x08002edd   Thumb Code    22  stm32f10x_adc.o(.text)
    ADC_ITConfig                             0x08002ef3   Thumb Code    24  stm32f10x_adc.o(.text)
    ADC_ResetCalibration                     0x08002f0b   Thumb Code    10  stm32f10x_adc.o(.text)
    ADC_GetResetCalibrationStatus            0x08002f15   Thumb Code    20  stm32f10x_adc.o(.text)
    ADC_StartCalibration                     0x08002f29   Thumb Code    10  stm32f10x_adc.o(.text)
    ADC_GetCalibrationStatus                 0x08002f33   Thumb Code    20  stm32f10x_adc.o(.text)
    ADC_SoftwareStartConvCmd                 0x08002f47   Thumb Code    22  stm32f10x_adc.o(.text)
    ADC_GetSoftwareStartConvStatus           0x08002f5d   Thumb Code    20  stm32f10x_adc.o(.text)
    ADC_DiscModeChannelCountConfig           0x08002f71   Thumb Code    24  stm32f10x_adc.o(.text)
    ADC_DiscModeCmd                          0x08002f89   Thumb Code    22  stm32f10x_adc.o(.text)
    ADC_RegularChannelConfig                 0x08002f9f   Thumb Code   184  stm32f10x_adc.o(.text)
    ADC_ExternalTrigConvCmd                  0x08003057   Thumb Code    22  stm32f10x_adc.o(.text)
    ADC_GetConversionValue                   0x0800306d   Thumb Code     8  stm32f10x_adc.o(.text)
    ADC_GetDualModeConversionValue           0x08003075   Thumb Code     8  stm32f10x_adc.o(.text)
    ADC_AutoInjectedConvCmd                  0x0800307d   Thumb Code    22  stm32f10x_adc.o(.text)
    ADC_InjectedDiscModeCmd                  0x08003093   Thumb Code    22  stm32f10x_adc.o(.text)
    ADC_ExternalTrigInjectedConvConfig       0x080030a9   Thumb Code    16  stm32f10x_adc.o(.text)
    ADC_ExternalTrigInjectedConvCmd          0x080030b9   Thumb Code    22  stm32f10x_adc.o(.text)
    ADC_SoftwareStartInjectedConvCmd         0x080030cf   Thumb Code    22  stm32f10x_adc.o(.text)
    ADC_GetSoftwareStartInjectedConvCmdStatus 0x080030e5   Thumb Code    20  stm32f10x_adc.o(.text)
    ADC_InjectedChannelConfig                0x080030f9   Thumb Code   130  stm32f10x_adc.o(.text)
    ADC_InjectedSequencerLengthConfig        0x0800317b   Thumb Code    24  stm32f10x_adc.o(.text)
    ADC_SetInjectedOffset                    0x08003193   Thumb Code    20  stm32f10x_adc.o(.text)
    ADC_GetInjectedConversionValue           0x080031a7   Thumb Code    28  stm32f10x_adc.o(.text)
    ADC_AnalogWatchdogCmd                    0x080031c3   Thumb Code    16  stm32f10x_adc.o(.text)
    ADC_AnalogWatchdogThresholdsConfig       0x080031d3   Thumb Code     6  stm32f10x_adc.o(.text)
    ADC_AnalogWatchdogSingleChannelConfig    0x080031d9   Thumb Code    16  stm32f10x_adc.o(.text)
    ADC_TempSensorVrefintCmd                 0x080031e9   Thumb Code    64  stm32f10x_adc.o(.text)
    ADC_GetFlagStatus                        0x08003229   Thumb Code    18  stm32f10x_adc.o(.text)
    ADC_ClearFlag                            0x0800323b   Thumb Code     6  stm32f10x_adc.o(.text)
    ADC_GetITStatus                          0x08003241   Thumb Code    36  stm32f10x_adc.o(.text)
    ADC_ClearITPendingBit                    0x08003265   Thumb Code    10  stm32f10x_adc.o(.text)
    FLASH_SetLatency                         0x08003271   Thumb Code    18  stm32f10x_flash.o(.text)
    FLASH_HalfCycleAccessCmd                 0x08003283   Thumb Code    22  stm32f10x_flash.o(.text)
    FLASH_PrefetchBufferCmd                  0x08003299   Thumb Code    22  stm32f10x_flash.o(.text)
    FLASH_Unlock                             0x080032af   Thumb Code    12  stm32f10x_flash.o(.text)
    FLASH_UnlockBank1                        0x080032bb   Thumb Code    12  stm32f10x_flash.o(.text)
    FLASH_Lock                               0x080032c7   Thumb Code    14  stm32f10x_flash.o(.text)
    FLASH_LockBank1                          0x080032d5   Thumb Code    14  stm32f10x_flash.o(.text)
    FLASH_GetBank1Status                     0x080032e3   Thumb Code    48  stm32f10x_flash.o(.text)
    FLASH_WaitForLastOperation               0x08003313   Thumb Code    38  stm32f10x_flash.o(.text)
    FLASH_ErasePage                          0x08003339   Thumb Code    72  stm32f10x_flash.o(.text)
    FLASH_EraseAllPages                      0x08003381   Thumb Code    68  stm32f10x_flash.o(.text)
    FLASH_WaitForLastBank1Operation          0x080033c5   Thumb Code    38  stm32f10x_flash.o(.text)
    FLASH_EraseAllBank1Pages                 0x080033eb   Thumb Code    68  stm32f10x_flash.o(.text)
    FLASH_GetReadOutProtectionStatus         0x0800342f   Thumb Code    20  stm32f10x_flash.o(.text)
    FLASH_EraseOptionBytes                   0x08003443   Thumb Code   150  stm32f10x_flash.o(.text)
    FLASH_ProgramWord                        0x080034d9   Thumb Code   102  stm32f10x_flash.o(.text)
    FLASH_ProgramHalfWord                    0x0800353f   Thumb Code    60  stm32f10x_flash.o(.text)
    FLASH_ProgramOptionByteData              0x0800357b   Thumb Code    72  stm32f10x_flash.o(.text)
    FLASH_EnableWriteProtection              0x080035c3   Thumb Code   200  stm32f10x_flash.o(.text)
    FLASH_ReadOutProtection                  0x0800368b   Thumb Code   156  stm32f10x_flash.o(.text)
    FLASH_UserOptionByteConfig               0x08003727   Thumb Code    88  stm32f10x_flash.o(.text)
    FLASH_GetUserOptionByte                  0x0800377f   Thumb Code     8  stm32f10x_flash.o(.text)
    FLASH_GetWriteProtectionOptionByte       0x08003787   Thumb Code     6  stm32f10x_flash.o(.text)
    FLASH_GetPrefetchBufferStatus            0x0800378d   Thumb Code    20  stm32f10x_flash.o(.text)
    FLASH_ITConfig                           0x080037a1   Thumb Code    26  stm32f10x_flash.o(.text)
    FLASH_GetFlagStatus                      0x080037bb   Thumb Code    42  stm32f10x_flash.o(.text)
    FLASH_ClearFlag                          0x080037e5   Thumb Code     6  stm32f10x_flash.o(.text)
    FLASH_GetStatus                          0x080037eb   Thumb Code    48  stm32f10x_flash.o(.text)
    OS_StrLen                                0x0800382d   Thumb Code    28  os_core.o(.text)
    OSEventNameGet                           0x08003849   Thumb Code   118  os_core.o(.text)
    OSEventNameSet                           0x080038bf   Thumb Code   100  os_core.o(.text)
    OS_TaskStatStkChk                        0x08003923   Thumb Code    54  os_core.o(.text)
    OS_TaskStat                              0x08003959   Thumb Code   140  os_core.o(.text)
    OS_TaskIdle                              0x08003a1b   Thumb Code    34  os_core.o(.text)
    OS_MemClr                                0x08003a73   Thumb Code    18  os_core.o(.text)
    OSInit                                   0x08003b9b   Thumb Code    48  os_core.o(.text)
    OSIntEnter                               0x08003bcb   Thumb Code    28  os_core.o(.text)
    OSIntExit                                0x08003c01   Thumb Code   270  os_core.o(.text)
    OSSchedLock                              0x08003d0f   Thumb Code    50  os_core.o(.text)
    OS_Sched                                 0x08003d41   Thumb Code    88  os_core.o(.text)
    OSSchedUnlock                            0x08003d99   Thumb Code    82  os_core.o(.text)
    OSStart                                  0x08003deb   Thumb Code    48  os_core.o(.text)
    OSStatInit                               0x08003e1b   Thumb Code    62  os_core.o(.text)
    OSTimeTick                               0x08003e59   Thumb Code   210  os_core.o(.text)
    OSVersion                                0x08003f2b   Thumb Code     6  os_core.o(.text)
    OS_Dummy                                 0x08003f31   Thumb Code     2  os_core.o(.text)
    OS_EventTaskRemove                       0x08003f33   Thumb Code    42  os_core.o(.text)
    OS_EventTaskRdy                          0x08003f5d   Thumb Code   114  os_core.o(.text)
    OS_EventTaskWait                         0x08003fcf   Thumb Code   112  os_core.o(.text)
    OS_EventWaitListInit                     0x0800403f   Thumb Code    28  os_core.o(.text)
    OS_MemCopy                               0x0800405b   Thumb Code    20  os_core.o(.text)
    OS_TCBInit                               0x0800406f   Thumb Code   374  os_core.o(.text)
    OSFlagAccept                             0x080041f9   Thumb Code   262  os_flag.o(.text)
    OSFlagCreate                             0x080042ff   Thumb Code    86  os_flag.o(.text)
    OS_FlagUnlink                            0x08004355   Thumb Code    36  os_flag.o(.text)
    OSFlagDel                                0x080043d1   Thumb Code   226  os_flag.o(.text)
    OSFlagNameGet                            0x080044b3   Thumb Code   100  os_flag.o(.text)
    OSFlagNameSet                            0x08004517   Thumb Code    82  os_flag.o(.text)
    OSFlagPend                               0x08004601   Thumb Code   626  os_flag.o(.text)
    OSFlagPendGetFlagsRdy                    0x08004873   Thumb Code    26  os_flag.o(.text)
    OSFlagPost                               0x0800488d   Thumb Code   330  os_flag.o(.text)
    OSFlagQuery                              0x080049d7   Thumb Code    58  os_flag.o(.text)
    OS_FlagInit                              0x08004a11   Thumb Code    78  os_flag.o(.text)
    OSMemCreate                              0x08004a6d   Thumb Code   164  os_mem.o(.text)
    OSMemGet                                 0x08004b11   Thumb Code    72  os_mem.o(.text)
    OSMemNameGet                             0x08004b59   Thumb Code    80  os_mem.o(.text)
    OSMemNameSet                             0x08004ba9   Thumb Code    64  os_mem.o(.text)
    OSMemPut                                 0x08004be9   Thumb Code    66  os_mem.o(.text)
    OSMemQuery                               0x08004c2b   Thumb Code    64  os_mem.o(.text)
    OS_MemInit                               0x08004c6b   Thumb Code    74  os_mem.o(.text)
    OSQAccept                                0x08004cc5   Thumb Code    98  os_q.o(.text)
    OSQCreate                                0x08004d27   Thumb Code   144  os_q.o(.text)
    OSQDel                                   0x08004db7   Thumb Code   254  os_q.o(.text)
    OSQFlush                                 0x08004eb5   Thumb Code    52  os_q.o(.text)
    OSQPend                                  0x08004ee9   Thumb Code   282  os_q.o(.text)
    OSQPendAbort                             0x08005003   Thumb Code   138  os_q.o(.text)
    OSQPost                                  0x0800508d   Thumb Code   120  os_q.o(.text)
    OSQPostFront                             0x08005105   Thumb Code   148  os_q.o(.text)
    OSQPostOpt                               0x08005199   Thumb Code   188  os_q.o(.text)
    OSQQuery                                 0x08005255   Thumb Code   110  os_q.o(.text)
    OS_QInit                                 0x080052c3   Thumb Code    72  os_q.o(.text)
    OSSemAccept                              0x08005315   Thumb Code    48  os_sem.o(.text)
    OSSemCreate                              0x08005345   Thumb Code    72  os_sem.o(.text)
    OSSemDel                                 0x0800538d   Thumb Code   220  os_sem.o(.text)
    OSSemPend                                0x08005469   Thumb Code   230  os_sem.o(.text)
    OSSemPendAbort                           0x0800554f   Thumb Code   138  os_sem.o(.text)
    OSSemPost                                0x080055d9   Thumb Code    94  os_sem.o(.text)
    OSSemQuery                               0x08005637   Thumb Code    88  os_sem.o(.text)
    OSSemSet                                 0x0800568f   Thumb Code    74  os_sem.o(.text)
    OSTaskChangePrio                         0x080056ed   Thumb Code   342  os_task.o(.text)
    OSTaskCreate                             0x08005843   Thumb Code   156  os_task.o(.text)
    OS_TaskStkClr                            0x080058df   Thumb Code    26  os_task.o(.text)
    OSTaskCreateExt                          0x080058f9   Thumb Code   178  os_task.o(.text)
    OSTaskDel                                0x080059ab   Thumb Code   306  os_task.o(.text)
    OSTaskDelReq                             0x08005add   Thumb Code   158  os_task.o(.text)
    OSTaskNameGet                            0x08005b7b   Thumb Code   140  os_task.o(.text)
    OSTaskNameSet                            0x08005c07   Thumb Code   120  os_task.o(.text)
    OSTaskResume                             0x08005c7f   Thumb Code   162  os_task.o(.text)
    OSTaskStkChk                             0x08005d21   Thumb Code   146  os_task.o(.text)
    OSTaskSuspend                            0x08005db3   Thumb Code   172  os_task.o(.text)
    OSTaskQuery                              0x08005e5f   Thumb Code   100  os_task.o(.text)
    OSTaskRegGet                             0x08005ec3   Thumb Code   110  os_task.o(.text)
    OSTaskRegGetID                           0x08005f31   Thumb Code    58  os_task.o(.text)
    OSTaskRegSet                             0x08005f6b   Thumb Code    84  os_task.o(.text)
    OS_TaskReturn                            0x08005fbf   Thumb Code    18  os_task.o(.text)
    OSTimeDly                                0x08005fdd   Thumb Code   100  os_time.o(.text)
    OSTimeDlyHMSM                            0x08006041   Thumb Code   124  os_time.o(.text)
    OSTimeDlyResume                          0x080060bd   Thumb Code   168  os_time.o(.text)
    OSTimeGet                                0x08006165   Thumb Code    24  os_time.o(.text)
    OSTimeSet                                0x0800617d   Thumb Code    24  os_time.o(.text)
    OS_CPU_SR_Save                           0x080061b1   Thumb Code     0  os_cpu_a.o(.text)
    OS_CPU_SR_Restore                        0x080061b9   Thumb Code     0  os_cpu_a.o(.text)
    OSStartHighRdy                           0x080061bf   Thumb Code     0  os_cpu_a.o(.text)
    OSCtxSw                                  0x080061df   Thumb Code     0  os_cpu_a.o(.text)
    OSIntCtxSw                               0x080061e9   Thumb Code     0  os_cpu_a.o(.text)
    PendSV_Handler                           0x080061f3   Thumb Code     0  os_cpu_a.o(.text)
    OSInitHookBegin                          0x08006255   Thumb Code     2  os_cpu_c.o(.text)
    OSInitHookEnd                            0x08006257   Thumb Code     2  os_cpu_c.o(.text)
    OSTaskCreateHook                         0x08006259   Thumb Code     2  os_cpu_c.o(.text)
    OSTaskDelHook                            0x0800625b   Thumb Code     2  os_cpu_c.o(.text)
    OSTaskIdleHook                           0x0800625d   Thumb Code     2  os_cpu_c.o(.text)
    OSTaskReturnHook                         0x0800625f   Thumb Code     2  os_cpu_c.o(.text)
    OSTaskStatHook                           0x08006261   Thumb Code     2  os_cpu_c.o(.text)
    OSTaskStkInit                            0x08006263   Thumb Code   152  os_cpu_c.o(.text)
    OSTaskSwHook                             0x080062fb   Thumb Code     2  os_cpu_c.o(.text)
    OSTCBInitHook                            0x080062fd   Thumb Code     2  os_cpu_c.o(.text)
    OSTimeTickHook                           0x080062ff   Thumb Code     2  os_cpu_c.o(.text)
    BSP_CPU_ClkFreq                          0x08006301   Thumb Code    16  os_cpu_c.o(.text)
    OS_CPU_SysTickClkFreq                    0x08006311   Thumb Code    12  os_cpu_c.o(.text)
    SysTickInit                              0x0800631d   Thumb Code    44  os_cpu_c.o(.text)
    _periphClock_init                        0x0800634d   Thumb Code    36  product.o(.text)
    _NVIC_init                               0x08006371   Thumb Code    94  product.o(.text)
    _timer_init                              0x080063cf   Thumb Code    96  product.o(.text)
    _usart2_init                             0x0800642f   Thumb Code   136  product.o(.text)
    AD_EXITinit                              0x080064b7   Thumb Code    30  product.o(.text)
    ProductInit                              0x080064d5   Thumb Code    36  product.o(.text)
    TaskLed                                  0x08006501   Thumb Code    36  task.o(.text)
    TaskUART4                                0x08006525   Thumb Code    16  task.o(.text)
    read_AD                                  0x08006535   Thumb Code    20  task.o(.text)
    responseCmdFromUpper                     0x08006549   Thumb Code    30  task.o(.text)
    TaskStart                                0x08006567   Thumb Code    68  task.o(.text)
    ReadOneTemp                              0x080065c1   Thumb Code    90  act.o(.text)
    TempComposeReadAndUse                    0x0800661b   Thumb Code    46  act.o(.text)
    WriteTempCompse                          0x08006649   Thumb Code   152  act.o(.text)
    ReadTempCompse                           0x080066e1   Thumb Code   154  act.o(.text)
    FuncGetVersion                           0x0800677b   Thumb Code   208  act.o(.text)
    __aeabi_memcpy                           0x0800686d   Thumb Code    36  memcpya.o(.text)
    __aeabi_memcpy4                          0x0800686d   Thumb Code     0  memcpya.o(.text)
    __aeabi_memcpy8                          0x0800686d   Thumb Code     0  memcpya.o(.text)
    __aeabi_memset                           0x08006891   Thumb Code    14  memseta.o(.text)
    __aeabi_memset4                          0x08006891   Thumb Code     0  memseta.o(.text)
    __aeabi_memset8                          0x08006891   Thumb Code     0  memseta.o(.text)
    __aeabi_memclr                           0x0800689f   Thumb Code     4  memseta.o(.text)
    __aeabi_memclr4                          0x0800689f   Thumb Code     0  memseta.o(.text)
    __aeabi_memclr8                          0x0800689f   Thumb Code     0  memseta.o(.text)
    _memset$wrapper                          0x080068a3   Thumb Code    18  memseta.o(.text)
    strstr                                   0x080068b5   Thumb Code    36  strstr.o(.text)
    __0sscanf                                0x080068d9   Thumb Code    48  __0sscanf.o(.text)
    _scanf_int                               0x08006911   Thumb Code   332  _scanf_int.o(.text)
    _scanf_string                            0x08006a5d   Thumb Code   224  _scanf_str.o(.text)
    __aeabi_fadd                             0x08006b3d   Thumb Code   164  fadd.o(.text)
    __aeabi_fsub                             0x08006be1   Thumb Code     6  fadd.o(.text)
    __aeabi_frsub                            0x08006be7   Thumb Code     6  fadd.o(.text)
    __aeabi_fmul                             0x08006bed   Thumb Code   100  fmul.o(.text)
    __aeabi_fdiv                             0x08006c51   Thumb Code   124  fdiv.o(.text)
    __aeabi_dadd                             0x08006ccd   Thumb Code   322  dadd.o(.text)
    __aeabi_dsub                             0x08006e0f   Thumb Code     6  dadd.o(.text)
    __aeabi_drsub                            0x08006e15   Thumb Code     6  dadd.o(.text)
    __aeabi_dmul                             0x08006e1b   Thumb Code   228  dmul.o(.text)
    __aeabi_ddiv                             0x08006eff   Thumb Code   222  ddiv.o(.text)
    __aeabi_i2f                              0x08006fdd   Thumb Code    18  fflti.o(.text)
    __aeabi_ui2f                             0x08006fef   Thumb Code    10  ffltui.o(.text)
    __aeabi_i2d                              0x08006ff9   Thumb Code    34  dflti.o(.text)
    __aeabi_ui2d                             0x0800701b   Thumb Code    26  dfltui.o(.text)
    __aeabi_f2iz                             0x08007035   Thumb Code    50  ffixi.o(.text)
    __aeabi_f2uiz                            0x08007067   Thumb Code    40  ffixui.o(.text)
    __aeabi_f2d                              0x0800708f   Thumb Code    38  f2d.o(.text)
    __aeabi_d2f                              0x080070b5   Thumb Code    56  d2f.o(.text)
    __aeabi_cfcmpeq                          0x080070ed   Thumb Code     0  cfcmple.o(.text)
    __aeabi_cfcmple                          0x080070ed   Thumb Code    20  cfcmple.o(.text)
    __aeabi_cfrcmple                         0x08007101   Thumb Code    20  cfrcmple.o(.text)
    __aeabi_uidiv                            0x08007115   Thumb Code     0  uidiv.o(.text)
    __aeabi_uidivmod                         0x08007115   Thumb Code    44  uidiv.o(.text)
    __aeabi_llsl                             0x08007141   Thumb Code    30  llshl.o(.text)
    _ll_shift_l                              0x08007141   Thumb Code     0  llshl.o(.text)
    __aeabi_lasr                             0x0800715f   Thumb Code    36  llsshr.o(.text)
    _ll_sshift_r                             0x0800715f   Thumb Code     0  llsshr.o(.text)
    _chval                                   0x08007183   Thumb Code    28  _chval.o(.text)
    __vfscanf_char                           0x080071ad   Thumb Code    20  scanf_char.o(.text)
    _sgetc                                   0x080071c9   Thumb Code    30  _sgetc.o(.text)
    _sbackspace                              0x080071e7   Thumb Code    34  _sgetc.o(.text)
    __I$use$fp                               0x08007209   Thumb Code     0  iusefp.o(.text)
    _float_round                             0x08007209   Thumb Code    18  fepilogue.o(.text)
    _float_epilogue                          0x0800721b   Thumb Code    92  fepilogue.o(.text)
    _double_round                            0x08007277   Thumb Code    30  depilogue.o(.text)
    _double_epilogue                         0x08007295   Thumb Code   156  depilogue.o(.text)
    __scatterload                            0x08007331   Thumb Code    28  init.o(.text)
    __scatterload_rt2                        0x08007331   Thumb Code     0  init.o(.text)
    __aeabi_llsr                             0x08007355   Thumb Code    32  llushr.o(.text)
    _ll_ushift_r                             0x08007355   Thumb Code     0  llushr.o(.text)
    isspace                                  0x08007375   Thumb Code    10  isspace_c.o(.text)
    __vfscanf                                0x08007381   Thumb Code   808  _scanf.o(.text)
    __ctype_lookup                           0x080076ad   Thumb Code    34  ctype_c.o(.text)
    __0printf$1                              0x080076d5   Thumb Code    22  printf1.o(i.__0printf$1)
    __1printf$1                              0x080076d5   Thumb Code     0  printf1.o(i.__0printf$1)
    __2printf                                0x080076d5   Thumb Code     0  printf1.o(i.__0printf$1)
    __scatterload_copy                       0x080076f5   Thumb Code    14  handlers.o(i.__scatterload_copy)
    __scatterload_null                       0x08007703   Thumb Code     2  handlers.o(i.__scatterload_null)
    __scatterload_zeroinit                   0x08007705   Thumb Code    14  handlers.o(i.__scatterload_zeroinit)
    RT_TABLE                                 0x0800788c   Data         968  temp_sample.o(.constdata)
    OSUnMapTbl                               0x08007c54   Data         256  os_core.o(.constdata)
    __ctype_categories                       0x08007d54   Data          64  ctype_c.o(.constdata)
    Region$$Table$$Base                      0x08007d94   Number         0  anon$$obj.o(Region$$Table)
    Region$$Table$$Limit                     0x08007db4   Number         0  anon$$obj.o(Region$$Table)
    OSAndroid1ResponSem                      0x20000004   Data           4  usart.o(.data)
    __stdout                                 0x20000008   Data           4  usart.o(.data)
    SPIOK_USART3                             0x2000000c   Data           1  usart.o(.data)
    RQRecieve_num                            0x2000000d   Data           1  usart.o(.data)
    DEVICE_VERSION                           0x2000000e   Data          38  usart.o(.data)
    heat_ch1_duty                            0x20000034   Data           1  pid.o(.data)
    ArrayDuty                                0x20000038   Data          16  pid.o(.data)
    ArrayErr                                 0x20000048   Data          16  pid.o(.data)
    curtemp                                  0x20000058   Data           4  tempcontrol.o(.data)
    washdsttempofmach                        0x2000005c   Data           4  tempcontrol.o(.data)
    washdsttempofreactioncup                 0x20000060   Data           4  tempcontrol.o(.data)
    abluentdsttempofreactioncup              0x20000064   Data           4  tempcontrol.o(.data)
    wash_temp0                               0x20000068   Data           4  tempcontrol.o(.data)
    wash_temp1                               0x2000006c   Data           4  tempcontrol.o(.data)
    wash_temp2                               0x20000070   Data           4  tempcontrol.o(.data)
    wash_temp3                               0x20000074   Data           4  tempcontrol.o(.data)
    display_temp                             0x20000078   Data           4  tempcontrol.o(.data)
    ht_duty_count                            0x2000007c   Data           1  tempcontrol.o(.data)
    samplecount                              0x2000007e   Data           2  tempcontrol.o(.data)
    SystemCoreClock                          0x20000080   Data           4  system_stm32f10x.o(.data)
    AHBPrescTable                            0x20000084   Data          16  system_stm32f10x.o(.data)
    OSCtxSwCtr                               0x200000a8   Data           4  os_core.o(.data)
    OSEventFreeList                          0x200000ac   Data           4  os_core.o(.data)
    OSFlagFreeList                           0x200000b0   Data           4  os_core.o(.data)
    OSCPUUsage                               0x200000b4   Data           1  os_core.o(.data)
    OSIdleCtrMax                             0x200000b8   Data           4  os_core.o(.data)
    OSIdleCtrRun                             0x200000bc   Data           4  os_core.o(.data)
    OSStatRdy                                0x200000c0   Data           1  os_core.o(.data)
    OSIntNesting                             0x200000c1   Data           1  os_core.o(.data)
    OSLockNesting                            0x200000c2   Data           1  os_core.o(.data)
    OSPrioCur                                0x200000c3   Data           1  os_core.o(.data)
    OSPrioHighRdy                            0x200000c4   Data           1  os_core.o(.data)
    OSRdyGrp                                 0x200000c5   Data           1  os_core.o(.data)
    OSRdyTbl                                 0x200000c6   Data           4  os_core.o(.data)
    OSRunning                                0x200000ca   Data           1  os_core.o(.data)
    OSTaskCtr                                0x200000cb   Data           1  os_core.o(.data)
    OSIdleCtr                                0x200000cc   Data           4  os_core.o(.data)
    OSTCBCur                                 0x200000d0   Data           4  os_core.o(.data)
    OSTCBFreeList                            0x200000d4   Data           4  os_core.o(.data)
    OSTCBHighRdy                             0x200000d8   Data           4  os_core.o(.data)
    OSTCBList                                0x200000dc   Data           4  os_core.o(.data)
    OSTickStepState                          0x200000e0   Data           1  os_core.o(.data)
    OSMemFreeList                            0x200000e4   Data           4  os_core.o(.data)
    OSQFreeList                              0x200000e8   Data           4  os_core.o(.data)
    OSTaskRegNextAvailID                     0x200000ec   Data           1  os_core.o(.data)
    OSTime                                   0x200000f0   Data           4  os_core.o(.data)
    tempUpperCtrlPara                        0x200000f4   Data          12  usart.o(.bss)
    PCCmdMsg                                 0x20000100   Data          20  usart.o(.bss)
    TempRecieveCmd                           0x20000114   Data          26  usart.o(.bss)
    TempMsgReturn                            0x20000130   Data          20  usart.o(.bss)
    USARTForTemp                             0x20000144   Data          32  usart.o(.bss)
    Uart_Buff                                0x20000164   Data          10  usart.o(.bss)
    Uart_Buff_USART3                         0x2000016e   Data          24  usart.o(.bss)
    USART2_Buffer                            0x20000186   Data          24  usart.o(.bss)
    reac_tunning                             0x200001a0   Data          68  pid.o(.bss)
    STMFLASH_BUF                             0x200001e4   Data        1024  stmflash.o(.bss)
    OSEventTbl                               0x200005e4   Data         200  os_core.o(.bss)
    OSFlagTbl                                0x200006ac   Data          80  os_core.o(.bss)
    OSTaskStatStk                            0x200006fc   Data        2048  os_core.o(.bss)
    OSTaskIdleStk                            0x20000efc   Data        2048  os_core.o(.bss)
    OSTCBPrioTbl                             0x200016fc   Data         128  os_core.o(.bss)
    OSTCBTbl                                 0x2000177c   Data        1512  os_core.o(.bss)
    OSMemTbl                                 0x20001d64   Data         120  os_core.o(.bss)
    OSQTbl                                   0x20001ddc   Data          96  os_core.o(.bss)
    TASK_LED_STK                             0x20001e3c   Data         256  task.o(.bss)
    TASK_START_STK                           0x20001f3c   Data        2048  task.o(.bss)
    TASK_AD_STK                              0x2000273c   Data        2048  task.o(.bss)
    TASK_PARES_CMD_STK                       0x20002f3c   Data        1024  task.o(.bss)
    __initial_sp                             0x20004340   Data           0  startup_stm32f10x_hd.o(STACK)



==============================================================================

Memory Map of the image

  Image Entry point : 0x08000131

  Load Region LR_IROM1 (Base: 0x08000000, Size: 0x00007ea8, Max: 0x00020000, ABSOLUTE)

    Execution Region ER_IROM1 (Base: 0x08000000, Size: 0x00007db4, Max: 0x00020000, ABSOLUTE)

    Base Addr    Size         Type   Attr      Idx    E Section Name        Object

    0x08000000   0x00000130   Data   RO          348    RESET               startup_stm32f10x_hd.o
    0x08000130   0x00000000   Code   RO          677  * .ARM.Collect$$$$00000000  mc_w.l(entry.o)
    0x08000130   0x00000004   Code   RO          987    .ARM.Collect$$$$00000001  mc_w.l(entry2.o)
    0x08000134   0x00000004   Code   RO          990    .ARM.Collect$$$$00000004  mc_w.l(entry5.o)
    0x08000138   0x00000000   Code   RO          992    .ARM.Collect$$$$00000008  mc_w.l(entry7b.o)
    0x08000138   0x00000000   Code   RO          994    .ARM.Collect$$$$0000000A  mc_w.l(entry8b.o)
    0x08000138   0x00000008   Code   RO          995    .ARM.Collect$$$$0000000B  mc_w.l(entry9a.o)
    0x08000140   0x00000000   Code   RO          997    .ARM.Collect$$$$0000000D  mc_w.l(entry10a.o)
    0x08000140   0x00000000   Code   RO          999    .ARM.Collect$$$$0000000F  mc_w.l(entry11a.o)
    0x08000140   0x00000004   Code   RO          988    .ARM.Collect$$$$00002712  mc_w.l(entry2.o)
    0x08000144   0x0000002c   Code   RO            1    .text               main.o
    0x08000170   0x000000e4   Code   RO          159    .text               delay.o
    0x08000254   0x00000550   Code   RO          185    .text               usart.o
    0x080007a4   0x00000034   Code   RO          212    .text               led.o
    0x080007d8   0x00000060   Code   RO          227    .text               switch.o
    0x08000838   0x000000fc   Code   RO          250    .text               tempcollecte.o
    0x08000934   0x00000408   Code   RO          265    .text               pid.o
    0x08000d3c   0x0000021c   Code   RO          288    .text               temp_sample.o
    0x08000f58   0x0000011c   Code   RO          310    .text               tempcontrol.o
    0x08001074   0x0000016c   Code   RO          328    .text               stmflash.o
    0x080011e0   0x00000024   Code   RO          349    .text               startup_stm32f10x_hd.o
    0x08001204   0x0000003c   Code   RO          354    .text               stm32f10x_it.o
    0x08001240   0x000001e0   Code   RO          369    .text               system_stm32f10x.o
    0x08001420   0x000000dc   Code   RO          387    .text               misc.o
    0x080014fc   0x0000035c   Code   RO          399    .text               stm32f10x_gpio.o
    0x08001858   0x000003a4   Code   RO          411    .text               stm32f10x_rcc.o
    0x08001bfc   0x00000e1a   Code   RO          425    .text               stm32f10x_tim.o
    0x08002a16   0x00000002   PAD
    0x08002a18   0x00000408   Code   RO          437    .text               stm32f10x_usart.o
    0x08002e20   0x0000044e   Code   RO          449    .text               stm32f10x_adc.o
    0x0800326e   0x00000002   PAD
    0x08003270   0x000005bc   Code   RO          461    .text               stm32f10x_flash.o
    0x0800382c   0x000009cc   Code   RO          473    .text               os_core.o
    0x080041f8   0x00000874   Code   RO          493    .text               os_flag.o
    0x08004a6c   0x00000258   Code   RO          505    .text               os_mem.o
    0x08004cc4   0x00000650   Code   RO          517    .text               os_q.o
    0x08005314   0x000003d8   Code   RO          529    .text               os_sem.o
    0x080056ec   0x000008f0   Code   RO          541    .text               os_task.o
    0x08005fdc   0x000001d4   Code   RO          553    .text               os_time.o
    0x080061b0   0x000000a4   Code   RO          565    .text               os_cpu_a.o
    0x08006254   0x000000f8   Code   RO          568    .text               os_cpu_c.o
    0x0800634c   0x000001b4   Code   RO          596    .text               product.o
    0x08006500   0x000000c0   Code   RO          616    .text               task.o
    0x080065c0   0x000002ac   Code   RO          661    .text               act.o
    0x0800686c   0x00000024   Code   RO          680    .text               mc_w.l(memcpya.o)
    0x08006890   0x00000024   Code   RO          682    .text               mc_w.l(memseta.o)
    0x080068b4   0x00000024   Code   RO          684    .text               mc_w.l(strstr.o)
    0x080068d8   0x00000038   Code   RO          949    .text               mc_w.l(__0sscanf.o)
    0x08006910   0x0000014c   Code   RO          951    .text               mc_w.l(_scanf_int.o)
    0x08006a5c   0x000000e0   Code   RO          953    .text               mc_w.l(_scanf_str.o)
    0x08006b3c   0x000000b0   Code   RO          955    .text               mf_w.l(fadd.o)
    0x08006bec   0x00000064   Code   RO          957    .text               mf_w.l(fmul.o)
    0x08006c50   0x0000007c   Code   RO          959    .text               mf_w.l(fdiv.o)
    0x08006ccc   0x0000014e   Code   RO          961    .text               mf_w.l(dadd.o)
    0x08006e1a   0x000000e4   Code   RO          963    .text               mf_w.l(dmul.o)
    0x08006efe   0x000000de   Code   RO          965    .text               mf_w.l(ddiv.o)
    0x08006fdc   0x00000012   Code   RO          967    .text               mf_w.l(fflti.o)
    0x08006fee   0x0000000a   Code   RO          969    .text               mf_w.l(ffltui.o)
    0x08006ff8   0x00000022   Code   RO          971    .text               mf_w.l(dflti.o)
    0x0800701a   0x0000001a   Code   RO          973    .text               mf_w.l(dfltui.o)
    0x08007034   0x00000032   Code   RO          975    .text               mf_w.l(ffixi.o)
    0x08007066   0x00000028   Code   RO          977    .text               mf_w.l(ffixui.o)
    0x0800708e   0x00000026   Code   RO          979    .text               mf_w.l(f2d.o)
    0x080070b4   0x00000038   Code   RO          981    .text               mf_w.l(d2f.o)
    0x080070ec   0x00000014   Code   RO          983    .text               mf_w.l(cfcmple.o)
    0x08007100   0x00000014   Code   RO          985    .text               mf_w.l(cfrcmple.o)
    0x08007114   0x0000002c   Code   RO         1001    .text               mc_w.l(uidiv.o)
    0x08007140   0x0000001e   Code   RO         1005    .text               mc_w.l(llshl.o)
    0x0800715e   0x00000024   Code   RO         1007    .text               mc_w.l(llsshr.o)
    0x08007182   0x0000001c   Code   RO         1009    .text               mc_w.l(_chval.o)
    0x0800719e   0x00000002   PAD
    0x080071a0   0x00000028   Code   RO         1011    .text               mc_w.l(scanf_char.o)
    0x080071c8   0x00000040   Code   RO         1013    .text               mc_w.l(_sgetc.o)
    0x08007208   0x00000000   Code   RO         1015    .text               mc_w.l(iusefp.o)
    0x08007208   0x0000006e   Code   RO         1016    .text               mf_w.l(fepilogue.o)
    0x08007276   0x000000ba   Code   RO         1018    .text               mf_w.l(depilogue.o)
    0x08007330   0x00000024   Code   RO         1024    .text               mc_w.l(init.o)
    0x08007354   0x00000020   Code   RO         1026    .text               mc_w.l(llushr.o)
    0x08007374   0x0000000a   Code   RO         1028    .text               mc_w.l(isspace_c.o)
    0x0800737e   0x00000002   PAD
    0x08007380   0x0000032c   Code   RO         1030    .text               mc_w.l(_scanf.o)
    0x080076ac   0x00000028   Code   RO         1032    .text               mc_w.l(ctype_c.o)
    0x080076d4   0x00000020   Code   RO          733    i.__0printf$1       mc_w.l(printf1.o)
    0x080076f4   0x0000000e   Code   RO         1037    i.__scatterload_copy  mc_w.l(handlers.o)
    0x08007702   0x00000002   Code   RO         1038    i.__scatterload_null  mc_w.l(handlers.o)
    0x08007704   0x0000000e   Code   RO         1039    i.__scatterload_zeroinit  mc_w.l(handlers.o)
    0x08007712   0x00000002   PAD
    0x08007714   0x00000154   Code   RO          740    i._printf_core      mc_w.l(printf1.o)
    0x08007868   0x00000024   Data   RO          187    .constdata          usart.o
    0x0800788c   0x000003c8   Data   RO          289    .constdata          temp_sample.o
    0x08007c54   0x00000100   Data   RO          475    .constdata          os_core.o
    0x08007d54   0x00000040   Data   RO         1033    .constdata          mc_w.l(ctype_c.o)
    0x08007d94   0x00000020   Data   RO         1035    Region$$Table       anon$$obj.o


    Execution Region RW_IRAM1 (Base: 0x20000000, Size: 0x00004340, Max: 0x00005000, ABSOLUTE)

    Base Addr    Size         Type   Attr      Idx    E Section Name        Object

    0x20000000   0x00000004   Data   RW          160    .data               delay.o
    0x20000004   0x00000030   Data   RW          188    .data               usart.o
    0x20000034   0x00000024   Data   RW          267    .data               pid.o
    0x20000058   0x00000028   Data   RW          311    .data               tempcontrol.o
    0x20000080   0x00000014   Data   RW          370    .data               system_stm32f10x.o
    0x20000094   0x00000014   Data   RW          412    .data               stm32f10x_rcc.o
    0x200000a8   0x0000004c   Data   RW          476    .data               os_core.o
    0x200000f4   0x000000aa   Zero   RW          186    .bss                usart.o
    0x2000019e   0x00000002   PAD
    0x200001a0   0x00000044   Zero   RW          266    .bss                pid.o
    0x200001e4   0x00000400   Zero   RW          329    .bss                stmflash.o
    0x200005e4   0x00001858   Zero   RW          474    .bss                os_core.o
    0x20001e3c   0x00001500   Zero   RW          617    .bss                task.o
    0x2000333c   0x00000004   PAD
    0x20003340   0x00001000   Zero   RW          346    STACK               startup_stm32f10x_hd.o


==============================================================================

Image component sizes


      Code (inc. data)   RO Data    RW Data    ZI Data      Debug   Object Name

       684         34          0          0          0       2218   act.o
       228         14          0          4          0       1227   delay.o
        52          6          0          0          0        491   led.o
        44          8          0          0          0     278727   main.o
       220         22          0          0          0       1801   misc.o
      2508        250        256         76       6232      16533   os_core.o
       164         32          0          0          0        332   os_cpu_a.o
       248          4          0          0          0      11896   os_cpu_c.o
      2164         44          0          0          0       7300   os_flag.o
       600         16          0          0          0       3516   os_mem.o
      1616         36          0          0          0       6021   os_q.o
       984         20          0          0          0       4174   os_sem.o
      2288         82          0          0          0       8620   os_task.o
       468         28          0          0          0       1906   os_time.o
      1032         58          0         36         68       4831   pid.o
       436          8          0          0          0       1464   product.o
        36          8        304          0       4096        828   startup_stm32f10x_hd.o
      1102         26          0          0          0      11045   stm32f10x_adc.o
      1468         34          0          0          0       8210   stm32f10x_flash.o
       860         38          0          0          0       5737   stm32f10x_gpio.o
        60          4          0          0          0       1223   stm32f10x_it.o
       932         36          0         20          0       8920   stm32f10x_rcc.o
      3610         88          0          0          0      22844   stm32f10x_tim.o
      1032         22          0          0          0       8460   stm32f10x_usart.o
       364          8          0          0       1024       3256   stmflash.o
        96         12          0          0          0       1344   switch.o
       480         38          0         20          0       1795   system_stm32f10x.o
       192         22          0          0       5376       2092   task.o
       540         50        968          0          0       2691   temp_sample.o
       252          8          0          0          0       1135   tempcollecte.o
       284         32          0         40          0       1927   tempcontrol.o
      1360         98         36         48        170       7035   usart.o

    ----------------------------------------------------------------------
     26408       1186       1596        244      16972     439599   Object Totals
         0          0         32          0          0          0   (incl. Generated)
         4          0          0          0          6          0   (incl. Padding)

    ----------------------------------------------------------------------

      Code (inc. data)   RO Data    RW Data    ZI Data      Debug   Library Member Name

        56          8          0          0          0         84   __0sscanf.o
        28          0          0          0          0         68   _chval.o
       812          4          0          0          0        112   _scanf.o
       332          0          0          0          0         96   _scanf_int.o
       224          0          0          0          0         96   _scanf_str.o
        64          0          0          0          0         84   _sgetc.o
        40          6         64          0          0         68   ctype_c.o
         0          0          0          0          0          0   entry.o
         0          0          0          0          0          0   entry10a.o
         0          0          0          0          0          0   entry11a.o
         8          4          0          0          0          0   entry2.o
         4          0          0          0          0          0   entry5.o
         0          0          0          0          0          0   entry7b.o
         0          0          0          0          0          0   entry8b.o
         8          4          0          0          0          0   entry9a.o
        30          0          0          0          0          0   handlers.o
        36          8          0          0          0         68   init.o
        10          0          0          0          0         68   isspace_c.o
         0          0          0          0          0          0   iusefp.o
        30          0          0          0          0         68   llshl.o
        36          0          0          0          0         68   llsshr.o
        32          0          0          0          0         68   llushr.o
        36          0          0          0          0         68   memcpya.o
        36          0          0          0          0        108   memseta.o
       372         14          0          0          0        184   printf1.o
        40          8          0          0          0         84   scanf_char.o
        36          0          0          0          0         80   strstr.o
        44          0          0          0          0         80   uidiv.o
        20          0          0          0          0         68   cfcmple.o
        20          0          0          0          0         68   cfrcmple.o
        56          0          0          0          0         88   d2f.o
       334          0          0          0          0        148   dadd.o
       222          0          0          0          0        100   ddiv.o
       186          0          0          0          0        176   depilogue.o
        34          0          0          0          0         76   dflti.o
        26          0          0          0          0         76   dfltui.o
       228          0          0          0          0         96   dmul.o
        38          0          0          0          0         68   f2d.o
       176          0          0          0          0        140   fadd.o
       124          0          0          0          0         88   fdiv.o
       110          0          0          0          0        168   fepilogue.o
        50          0          0          0          0         68   ffixi.o
        40          0          0          0          0         68   ffixui.o
        18          0          0          0          0         68   fflti.o
        10          0          0          0          0         68   ffltui.o
       100          0          0          0          0         76   fmul.o

    ----------------------------------------------------------------------
      4112         56         64          0          0       3260   Library Totals
         6          0          0          0          0          0   (incl. Padding)

    ----------------------------------------------------------------------

      Code (inc. data)   RO Data    RW Data    ZI Data      Debug   Library Name

      2314         56         64          0          0       1552   mc_w.l
      1792          0          0          0          0       1708   mf_w.l

    ----------------------------------------------------------------------
      4112         56         64          0          0       3260   Library Totals

    ----------------------------------------------------------------------

==============================================================================


      Code (inc. data)   RO Data    RW Data    ZI Data      Debug   

     30520       1242       1660        244      16972     438487   Grand Totals
     30520       1242       1660        244      16972     438487   ELF Image Totals
     30520       1242       1660        244          0          0   ROM Totals

==============================================================================

    Total RO  Size (Code + RO Data)                32180 (  31.43kB)
    Total RW  Size (RW Data + ZI Data)             17216 (  16.81kB)
    Total ROM Size (Code + RO Data + RW Data)      32424 (  31.66kB)

==============================================================================

